Archive member included to satisfy reference by file (symbol)

/Users/yaxsomo/STM32CubeIDE/workspace_1.12.1/AeroSentinel Flight Computer/Drivers/CMSIS/DSP/Lib/libarm_cortexM4lf_math.a(arm_mat_mult_f32.o)
                              ./Core/Src/KalmanFilter.o (arm_mat_mult_f32)
/Users/yaxsomo/STM32CubeIDE/workspace_1.12.1/AeroSentinel Flight Computer/Drivers/CMSIS/DSP/Lib/libarm_cortexM4lf_math.a(arm_mat_inverse_f32.o)
                              ./Core/Src/KalmanFilter.o (arm_mat_inverse_f32)
/Users/yaxsomo/STM32CubeIDE/workspace_1.12.1/AeroSentinel Flight Computer/Drivers/CMSIS/DSP/Lib/libarm_cortexM4lf_math.a(arm_mat_init_f32.o)
                              ./Core/Src/KalmanFilter.o (arm_mat_init_f32)
/Applications/STM32CubeIDE.app/Contents/Eclipse/plugins/com.st.stm32cube.ide.mcu.externaltools.gnu-tools-for-stm32.11.3.rel1.macos64_1.1.0.202305231506/tools/bin/../lib/gcc/arm-none-eabi/11.3.1/../../../../arm-none-eabi/lib/thumb/v7e-m+fp/hard/libc_nano.a(libc_a-atoi.o)
                              ./Core/Src/Control_Center.o (atoi)
/Applications/STM32CubeIDE.app/Contents/Eclipse/plugins/com.st.stm32cube.ide.mcu.externaltools.gnu-tools-for-stm32.11.3.rel1.macos64_1.1.0.202305231506/tools/bin/../lib/gcc/arm-none-eabi/11.3.1/../../../../arm-none-eabi/lib/thumb/v7e-m+fp/hard/libc_nano.a(libc_a-exit.o)
                              /Applications/STM32CubeIDE.app/Contents/Eclipse/plugins/com.st.stm32cube.ide.mcu.externaltools.gnu-tools-for-stm32.11.3.rel1.macos64_1.1.0.202305231506/tools/bin/../lib/gcc/arm-none-eabi/11.3.1/../../../../arm-none-eabi/lib/thumb/v7e-m+fp/hard/crt0.o (exit)
/Applications/STM32CubeIDE.app/Contents/Eclipse/plugins/com.st.stm32cube.ide.mcu.externaltools.gnu-tools-for-stm32.11.3.rel1.macos64_1.1.0.202305231506/tools/bin/../lib/gcc/arm-none-eabi/11.3.1/../../../../arm-none-eabi/lib/thumb/v7e-m+fp/hard/libc_nano.a(libc_a-nano-vfprintf_float.o)
                              (_printf_float)
/Applications/STM32CubeIDE.app/Contents/Eclipse/plugins/com.st.stm32cube.ide.mcu.externaltools.gnu-tools-for-stm32.11.3.rel1.macos64_1.1.0.202305231506/tools/bin/../lib/gcc/arm-none-eabi/11.3.1/../../../../arm-none-eabi/lib/thumb/v7e-m+fp/hard/libc_nano.a(libc_a-nano-vfprintf_i.o)
                              /Applications/STM32CubeIDE.app/Contents/Eclipse/plugins/com.st.stm32cube.ide.mcu.externaltools.gnu-tools-for-stm32.11.3.rel1.macos64_1.1.0.202305231506/tools/bin/../lib/gcc/arm-none-eabi/11.3.1/../../../../arm-none-eabi/lib/thumb/v7e-m+fp/hard/libc_nano.a(libc_a-nano-vfprintf_float.o) (_printf_common)
/Applications/STM32CubeIDE.app/Contents/Eclipse/plugins/com.st.stm32cube.ide.mcu.externaltools.gnu-tools-for-stm32.11.3.rel1.macos64_1.1.0.202305231506/tools/bin/../lib/gcc/arm-none-eabi/11.3.1/../../../../arm-none-eabi/lib/thumb/v7e-m+fp/hard/libc_nano.a(libc_a-nano-vfscanf_float.o)
                              (_scanf_float)
/Applications/STM32CubeIDE.app/Contents/Eclipse/plugins/com.st.stm32cube.ide.mcu.externaltools.gnu-tools-for-stm32.11.3.rel1.macos64_1.1.0.202305231506/tools/bin/../lib/gcc/arm-none-eabi/11.3.1/../../../../arm-none-eabi/lib/thumb/v7e-m+fp/hard/libc_nano.a(libc_a-snprintf.o)
                              ./Core/Src/KalmanFilter.o (snprintf)
/Applications/STM32CubeIDE.app/Contents/Eclipse/plugins/com.st.stm32cube.ide.mcu.externaltools.gnu-tools-for-stm32.11.3.rel1.macos64_1.1.0.202305231506/tools/bin/../lib/gcc/arm-none-eabi/11.3.1/../../../../arm-none-eabi/lib/thumb/v7e-m+fp/hard/libc_nano.a(libc_a-sprintf.o)
                              ./Core/Src/BlackBox.o (sprintf)
/Applications/STM32CubeIDE.app/Contents/Eclipse/plugins/com.st.stm32cube.ide.mcu.externaltools.gnu-tools-for-stm32.11.3.rel1.macos64_1.1.0.202305231506/tools/bin/../lib/gcc/arm-none-eabi/11.3.1/../../../../arm-none-eabi/lib/thumb/v7e-m+fp/hard/libc_nano.a(libc_a-findfp.o)
                              /Applications/STM32CubeIDE.app/Contents/Eclipse/plugins/com.st.stm32cube.ide.mcu.externaltools.gnu-tools-for-stm32.11.3.rel1.macos64_1.1.0.202305231506/tools/bin/../lib/gcc/arm-none-eabi/11.3.1/../../../../arm-none-eabi/lib/thumb/v7e-m+fp/hard/libc_nano.a(libc_a-exit.o) (__stdio_exit_handler)
/Applications/STM32CubeIDE.app/Contents/Eclipse/plugins/com.st.stm32cube.ide.mcu.externaltools.gnu-tools-for-stm32.11.3.rel1.macos64_1.1.0.202305231506/tools/bin/../lib/gcc/arm-none-eabi/11.3.1/../../../../arm-none-eabi/lib/thumb/v7e-m+fp/hard/libc_nano.a(libc_a-strtod.o)
                              /Applications/STM32CubeIDE.app/Contents/Eclipse/plugins/com.st.stm32cube.ide.mcu.externaltools.gnu-tools-for-stm32.11.3.rel1.macos64_1.1.0.202305231506/tools/bin/../lib/gcc/arm-none-eabi/11.3.1/../../../../arm-none-eabi/lib/thumb/v7e-m+fp/hard/libc_nano.a(libc_a-nano-vfscanf_float.o) (_strtod_r)
[...]
Memory Configuration

Name             Origin             Length             Attributes
CCMRAM           0x0000000010000000 0x0000000000010000 xrw
RAM              0x0000000020000000 0x0000000000020000 xrw
FLASH            0x0000000008000000 0x0000000000100000 xr
*default*        0x0000000000000000 0xffffffffffffffff

Linker script and memory map

LOAD /Applications/STM32CubeIDE.app/Contents/Eclipse/plugins/com.st.stm32cube.ide.mcu.externaltools.gnu-tools-for-stm32.11.3.rel1.macos64_1.1.0.202305231506/tools/bin/../lib/gcc/arm-none-eabi/11.3.1/thumb/v7e-m+fp/hard/crti.o
LOAD /Applications/STM32CubeIDE.app/Contents/Eclipse/plugins/com.st.stm32cube.ide.mcu.externaltools.gnu-tools-for-stm32.11.3.rel1.macos64_1.1.0.202305231506/tools/bin/../lib/gcc/arm-none-eabi/11.3.1/thumb/v7e-m+fp/hard/crtbegin.o
LOAD /Applications/STM32CubeIDE.app/Contents/Eclipse/plugins/com.st.stm32cube.ide.mcu.externaltools.gnu-tools-for-stm32.11.3.rel1.macos64_1.1.0.202305231506/tools/bin/../lib/gcc/arm-none-eabi/11.3.1/../../../../arm-none-eabi/lib/thumb/v7e-m+fp/hard/crt0.o
LOAD ./Core/Src/BlackBox.o
LOAD ./Core/Src/Compass.o
LOAD ./Core/Src/Control_Center.o
LOAD ./Core/Src/IMU.o
LOAD ./Core/Src/KalmanFilter.o
LOAD ./Core/Src/LoRa.o
LOAD ./Core/Src/Pressure.o
LOAD ./Core/Src/Temperature.o
LOAD ./Core/Src/circ_buffer.o
LOAD ./Core/Src/fatfs_sd.o
LOAD ./Core/Src/lsm6ds3tr-c_reg.o
LOAD ./Core/Src/main.o
LOAD ./Core/Src/stm32f4xx_hal_msp.o
LOAD ./Core/Src/stm32f4xx_it.o
LOAD ./Core/Src/syscalls.o
LOAD ./Core/Src/sysmem.o
LOAD ./Core/Src/system_stm32f4xx.o
LOAD ./Core/Startup/startup_stm32f405rgtx.o
LOAD ./Drivers/STM32F4xx_HAL_Driver/Src/stm32f4xx_hal.o
LOAD ./Drivers/STM32F4xx_HAL_Driver/Src/stm32f4xx_hal_adc.o
LOAD ./Drivers/STM32F4xx_HAL_Driver/Src/stm32f4xx_hal_adc_ex.o
LOAD ./Drivers/STM32F4xx_HAL_Driver/Src/stm32f4xx_hal_cortex.o
LOAD ./Drivers/STM32F4xx_HAL_Driver/Src/stm32f4xx_hal_dma.o
LOAD ./Drivers/STM32F4xx_HAL_Driver/Src/stm32f4xx_hal_dma_ex.o
LOAD ./Drivers/STM32F4xx_HAL_Driver/Src/stm32f4xx_hal_exti.o
LOAD ./Drivers/STM32F4xx_HAL_Driver/Src/stm32f4xx_hal_flash.o
LOAD ./Drivers/STM32F4xx_HAL_Driver/Src/stm32f4xx_hal_flash_ex.o
LOAD ./Drivers/STM32F4xx_HAL_Driver/Src/stm32f4xx_hal_flash_ramfunc.o
LOAD ./Drivers/STM32F4xx_HAL_Driver/Src/stm32f4xx_hal_gpio.o
LOAD ./Drivers/STM32F4xx_HAL_Driver/Src/stm32f4xx_hal_i2c.o
LOAD ./Drivers/STM32F4xx_HAL_Driver/Src/stm32f4xx_hal_i2c_ex.o
LOAD ./Drivers/STM32F4xx_HAL_Driver/Src/stm32f4xx_hal_pwr.o
LOAD ./Drivers/STM32F4xx_HAL_Driver/Src/stm32f4xx_hal_pwr_ex.o
LOAD ./Drivers/STM32F4xx_HAL_Driver/Src/stm32f4xx_hal_rcc.o
LOAD ./Drivers/STM32F4xx_HAL_Driver/Src/stm32f4xx_hal_rcc_ex.o
LOAD ./Drivers/STM32F4xx_HAL_Driver/Src/stm32f4xx_hal_spi.o
LOAD ./Drivers/STM32F4xx_HAL_Driver/Src/stm32f4xx_hal_tim.o
LOAD ./Drivers/STM32F4xx_HAL_Driver/Src/stm32f4xx_hal_tim_ex.o
LOAD ./Drivers/STM32F4xx_HAL_Driver/Src/stm32f4xx_hal_uart.o
LOAD ./Drivers/STM32F4xx_HAL_Driver/Src/stm32f4xx_ll_adc.o
LOAD ./FATFS/App/fatfs.o
LOAD ./FATFS/Target/user_diskio.o
LOAD ./Middlewares/Third_Party/FatFs/src/diskio.o
LOAD ./Middlewares/Third_Party/FatFs/src/ff.o
LOAD ./Middlewares/Third_Party/FatFs/src/ff_gen_drv.o
LOAD ./Middlewares/Third_Party/FatFs/src/option/ccsbcs.o
LOAD ./Middlewares/Third_Party/FatFs/src/option/syscall.o
LOAD /Users/yaxsomo/STM32CubeIDE/workspace_1.12.1/AeroSentinel Flight Computer/Drivers/CMSIS/DSP/Lib/libarm_cortexM4lf_math.a
START GROUP
LOAD /Applications/STM32CubeIDE.app/Contents/Eclipse/plugins/com.st.stm32cube.ide.mcu.externaltools.gnu-tools-for-stm32.11.3.rel1.macos64_1.1.0.202305231506/tools/bin/../lib/gcc/arm-none-eabi/11.3.1/../../../../arm-none-eabi/lib/thumb/v7e-m+fp/hard/libc_nano.a
LOAD /Applications/STM32CubeIDE.app/Contents/Eclipse/plugins/com.st.stm32cube.ide.mcu.externaltools.gnu-tools-for-stm32.11.3.rel1.macos64_1.1.0.202305231506/tools/bin/../lib/gcc/arm-none-eabi/11.3.1/../../../../arm-none-eabi/lib/thumb/v7e-m+fp/hard/libm.a
END GROUP
START GROUP
LOAD /Applications/STM32CubeIDE.app/Contents/Eclipse/plugins/com.st.stm32cube.ide.mcu.externaltools.gnu-tools-for-stm32.11.3.rel1.macos64_1.1.0.202305231506/tools/bin/../lib/gcc/arm-none-eabi/11.3.1/thumb/v7e-m+fp/hard/libgcc.a
LOAD /Applications/STM32CubeIDE.app/Contents/Eclipse/plugins/com.st.stm32cube.ide.mcu.externaltools.gnu-tools-for-stm32.11.3.rel1.macos64_1.1.0.202305231506/tools/bin/../lib/gcc/arm-none-eabi/11.3.1/../../../../arm-none-eabi/lib/thumb/v7e-m+fp/hard/libc_nano.a
END GROUP
START GROUP
LOAD /Applications/STM32CubeIDE.app/Contents/Eclipse/plugins/com.st.stm32cube.ide.mcu.externaltools.gnu-tools-for-stm32.11.3.rel1.macos64_1.1.0.202305231506/tools/bin/../lib/gcc/arm-none-eabi/11.3.1/thumb/v7e-m+fp/hard/libgcc.a
LOAD /Applications/STM32CubeIDE.app/Contents/Eclipse/plugins/com.st.stm32cube.ide.mcu.externaltools.gnu-tools-for-stm32.11.3.rel1.macos64_1.1.0.202305231506/tools/bin/../lib/gcc/arm-none-eabi/11.3.1/../../../../arm-none-eabi/lib/thumb/v7e-m+fp/hard/libc_nano.a
LOAD /Applications/STM32CubeIDE.app/Contents/Eclipse/plugins/com.st.stm32cube.ide.mcu.externaltools.gnu-tools-for-stm32.11.3.rel1.macos64_1.1.0.202305231506/tools/bin/../lib/gcc/arm-none-eabi/11.3.1/../../../../arm-none-eabi/lib/thumb/v7e-m+fp/hard/libnosys.a
END GROUP
START GROUP
LOAD /Applications/STM32CubeIDE.app/Contents/Eclipse/plugins/com.st.stm32cube.ide.mcu.externaltools.gnu-tools-for-stm32.11.3.rel1.macos64_1.1.0.202305231506/tools/bin/../lib/gcc/arm-none-eabi/11.3.1/thumb/v7e-m+fp/hard/libgcc.a
LOAD /Applications/STM32CubeIDE.app/Contents/Eclipse/plugins/com.st.stm32cube.ide.mcu.externaltools.gnu-tools-for-stm32.11.3.rel1.macos64_1.1.0.202305231506/tools/bin/../lib/gcc/arm-none-eabi/11.3.1/../../../../arm-none-eabi/lib/thumb/v7e-m+fp/hard/libc_nano.a
LOAD /Applications/STM32CubeIDE.app/Contents/Eclipse/plugins/com.st.stm32cube.ide.mcu.externaltools.gnu-tools-for-stm32.11.3.rel1.macos64_1.1.0.202305231506/tools/bin/../lib/gcc/arm-none-eabi/11.3.1/../../../../arm-none-eabi/lib/thumb/v7e-m+fp/hard/libnosys.a
END GROUP
LOAD /Applications/STM32CubeIDE.app/Contents/Eclipse/plugins/com.st.stm32cube.ide.mcu.externaltools.gnu-tools-for-stm32.11.3.rel1.macos64_1.1.0.202305231506/tools/bin/../lib/gcc/arm-none-eabi/11.3.1/thumb/v7e-m+fp/hard/crtend.o
LOAD /Applications/STM32CubeIDE.app/Contents/Eclipse/plugins/com.st.stm32cube.ide.mcu.externaltools.gnu-tools-for-stm32.11.3.rel1.macos64_1.1.0.202305231506/tools/bin/../lib/gcc/arm-none-eabi/11.3.1/thumb/v7e-m+fp/hard/crtn.o
                0x0000000020020000                _estack = (ORIGIN (RAM) + LENGTH (RAM))
                0x0000000000000200                _Min_Heap_Size = 0x200
                0x0000000000000400                _Min_Stack_Size = 0x400

.isr_vector     0x0000000008000000      0x188
                0x0000000008000000                . = ALIGN (0x4)
 *(.isr_vector)
 .isr_vector    0x0000000008000000      0x188 ./Core/Startup/startup_stm32f405rgtx.o
                0x0000000008000000                g_pfnVectors
                0x0000000008000188                . = ALIGN (0x4)

.text           0x0000000008000190    0x140d8
                0x0000000008000190                . = ALIGN (0x4)
 *(.text)
 .text          0x0000000008000190       0x40 /Applications/STM32CubeIDE.app/Contents/Eclipse/plugins/com.st.stm32cube.ide.mcu.externaltools.gnu-tools-for-stm32.11.3.rel1.macos64_1.1.0.202305231506/tools/bin/../lib/gcc/arm-none-eabi/11.3.1/thumb/v7e-m+fp/hard/crtbegin.o
 .text          0x00000000080001d0       0xa0 /Applications/STM32CubeIDE.app/Contents/Eclipse/plugins/com.st.stm32cube.ide.mcu.externaltools.gnu-tools-for-stm32.11.3.rel1.macos64_1.1.0.202305231506/tools/bin/../lib/gcc/arm-none-eabi/11.3.1/../../../../arm-none-eabi/lib/thumb/v7e-m+fp/hard/libc_nano.a(libc_a-memchr.o)
                0x00000000080001d0                memchr
 .text          0x0000000008000270       0x10 /Applications/STM32CubeIDE.app/Contents/Eclipse/plugins/com.st.stm32cube.ide.mcu.externaltools.gnu-tools-for-stm32.11.3.rel1.macos64_1.1.0.202305231506/tools/bin/../lib/gcc/arm-none-eabi/11.3.1/../../../../arm-none-eabi/lib/thumb/v7e-m+fp/hard/libc_nano.a(libc_a-strlen.o)
                0x0000000008000270                strlen
 .text          0x0000000008000280      0x378 /Applications/STM32CubeIDE.app/Contents/Eclipse/plugins/com.st.stm32cube.ide.mcu.externaltools.gnu-tools-for-stm32.11.3.rel1.macos64_1.1.0.202305231506/tools/bin/../lib/gcc/arm-none-eabi/11.3.1/thumb/v7e-m+fp/hard/libgcc.a(_arm_addsubdf3.o)
                0x0000000008000280                __aeabi_drsub
                0x0000000008000288                __subdf3
                0x0000000008000288                __aeabi_dsub
                0x000000000800028c                __aeabi_dadd
                0x000000000800028c                __adddf3
                0x0000000008000504                __aeabi_ui2d
                0x0000000008000504                __floatunsidf
                0x0000000008000524                __floatsidf
                0x0000000008000524                __aeabi_i2d
                0x0000000008000548                __extendsfdf2
                0x0000000008000548                __aeabi_f2d
                0x000000000800058c                __aeabi_ul2d
                0x000000000800058c                __floatundidf
                0x000000000800059c                __aeabi_l2d
                0x000000000800059c                __floatdidf
 .text          0x00000000080005f8      0x424 /Applications/STM32CubeIDE.app/Contents/Eclipse/plugins/com.st.stm32cube.ide.mcu.externaltools.gnu-tools-for-stm32.11.3.rel1.macos64_1.1.0.202305231506/tools/bin/../lib/gcc/arm-none-eabi/11.3.1/thumb/v7e-m+fp/hard/libgcc.a(_arm_muldivdf3.o)
                0x00000000080005f8                __aeabi_dmul
                0x00000000080005f8                __muldf3
                0x000000000800084c                __aeabi_ddiv
                0x000000000800084c                __divdf3
 .text          0x0000000008000a1c      0x110 /Applications/STM32CubeIDE.app/Contents/Eclipse/plugins/com.st.stm32cube.ide.mcu.externaltools.gnu-tools-for-stm32.11.3.rel1.macos64_1.1.0.202305231506/tools/bin/../lib/gcc/arm-none-eabi/11.3.1/thumb/v7e-m+fp/hard/libgcc.a(_arm_cmpdf2.o)
                0x0000000008000a1c                __gedf2
                0x0000000008000a1c                __gtdf2
                0x0000000008000a24                __ledf2
                0x0000000008000a24                __ltdf2
                0x0000000008000a2c                __cmpdf2
                0x0000000008000a2c                __eqdf2
                0x0000000008000a2c                __nedf2
                0x0000000008000aa8                __aeabi_cdrcmple
                0x0000000008000ab8                __aeabi_cdcmple
                0x0000000008000ab8                __aeabi_cdcmpeq
                0x0000000008000ac8                __aeabi_dcmpeq
                0x0000000008000adc                __aeabi_dcmplt
                0x0000000008000af0                __aeabi_dcmple
                0x0000000008000b04                __aeabi_dcmpge
                0x0000000008000b18                __aeabi_dcmpgt
 .text          0x0000000008000b2c       0x2c /Applications/STM32CubeIDE.app/Contents/Eclipse/plugins/com.st.stm32cube.ide.mcu.externaltools.gnu-tools-for-stm32.11.3.rel1.macos64_1.1.0.202305231506/tools/bin/../lib/gcc/arm-none-eabi/11.3.1/thumb/v7e-m+fp/hard/libgcc.a(_arm_unorddf2.o)
                0x0000000008000b2c                __aeabi_dcmpun
                0x0000000008000b2c                __unorddf2
 .text          0x0000000008000b58       0x50 /Applications/STM32CubeIDE.app/Contents/Eclipse/plugins/com.st.stm32cube.ide.mcu.externaltools.gnu-tools-for-stm32.11.3.rel1.macos64_1.1.0.202305231506/tools/bin/../lib/gcc/arm-none-eabi/11.3.1/thumb/v7e-m+fp/hard/libgcc.a(_arm_fixdfsi.o)
                0x0000000008000b58                __fixdfsi
                0x0000000008000b58                __aeabi_d2iz
 .text          0x0000000008000ba8       0x40 /Applications/STM32CubeIDE.app/Contents/Eclipse/plugins/com.st.stm32cube.ide.mcu.externaltools.gnu-tools-for-stm32.11.3.rel1.macos64_1.1.0.202305231506/tools/bin/../lib/gcc/arm-none-eabi/11.3.1/thumb/v7e-m+fp/hard/libgcc.a(_arm_fixunsdfsi.o)
                0x0000000008000ba8                __fixunsdfsi
                0x0000000008000ba8                __aeabi_d2uiz
 .text          0x0000000008000be8       0xa0 /Applications/STM32CubeIDE.app/Contents/Eclipse/plugins/com.st.stm32cube.ide.mcu.externaltools.gnu-tools-for-stm32.11.3.rel1.macos64_1.1.0.202305231506/tools/bin/../lib/gcc/arm-none-eabi/11.3.1/thumb/v7e-m+fp/hard/libgcc.a(_arm_truncdfsf2.o)
                0x0000000008000be8                __aeabi_d2f
                0x0000000008000be8                __truncdfsf2
 .text          0x0000000008000c88       0x30 /Applications/STM32CubeIDE.app/Contents/Eclipse/plugins/com.st.stm32cube.ide.mcu.externaltools.gnu-tools-for-stm32.11.3.rel1.macos64_1.1.0.202305231506/tools/bin/../lib/gcc/arm-none-eabi/11.3.1/thumb/v7e-m+fp/hard/libgcc.a(_aeabi_uldivmod.o)
                0x0000000008000c88                __aeabi_uldivmod
 .text          0x0000000008000cb8       0x30 /Applications/STM32CubeIDE.app/Contents/Eclipse/plugins/com.st.stm32cube.ide.mcu.externaltools.gnu-tools-for-stm32.11.3.rel1.macos64_1.1.0.202305231506/tools/bin/../lib/gcc/arm-none-eabi/11.3.1/thumb/v7e-m+fp/hard/libgcc.a(_fixdfdi.o)
                0x0000000008000cb8                __aeabi_d2lz
                0x0000000008000cb8                __fixdfdi
 .text          0x0000000008000ce8       0x3c /Applications/STM32CubeIDE.app/Contents/Eclipse/plugins/com.st.stm32cube.ide.mcu.externaltools.gnu-tools-for-stm32.11.3.rel1.macos64_1.1.0.202305231506/tools/bin/../lib/gcc/arm-none-eabi/11.3.1/thumb/v7e-m+fp/hard/libgcc.a(_fixunsdfdi.o)
                0x0000000008000ce8                __aeabi_d2ulz
                0x0000000008000ce8                __fixunsdfdi
 .text          0x0000000008000d24      0x2c8 /Applications/STM32CubeIDE.app/Contents/Eclipse/plugins/com.st.stm32cube.ide.mcu.externaltools.gnu-tools-for-stm32.11.3.rel1.macos64_1.1.0.202305231506/tools/bin/../lib/gcc/arm-none-eabi/11.3.1/thumb/v7e-m+fp/hard/libgcc.a(_udivmoddi4.o)
                0x0000000008000d24                __udivmoddi4
 .text          0x0000000008000fec        0x4 /Applications/STM32CubeIDE.app/Contents/Eclipse/plugins/com.st.stm32cube.ide.mcu.externaltools.gnu-tools-for-stm32.11.3.rel1.macos64_1.1.0.202305231506/tools/bin/../lib/gcc/arm-none-eabi/11.3.1/thumb/v7e-m+fp/hard/libgcc.a(_dvmd_tls.o)
                0x0000000008000fec                __aeabi_ldiv0
                0x0000000008000fec                __aeabi_idiv0
 *(.text*)
 .text.UART_Transmit_Messages_BlackBox
                0x0000000008000ff0       0x2c ./Core/Src/BlackBox.o
                0x0000000008000ff0                UART_Transmit_Messages_BlackBox
 .text.file_exists
                0x000000000800101c       0x5a ./Core/Src/BlackBox.o
                0x000000000800101c                file_exists
 *fill*         0x0000000008001076        0x2 
 .text.buf_clear
                0x0000000008001078       0x38 ./Core/Src/BlackBox.o
                0x0000000008001078                buf_clear
 .text.mount_sd_card
                0x00000000080010b0       0x44 ./Core/Src/BlackBox.o
                0x00000000080010b0                mount_sd_card
 .text.check_free_space
                0x00000000080010f4      0x10c ./Core/Src/BlackBox.o
                0x00000000080010f4                check_free_space
 .text.create_file
                0x0000000008001200       0x50 ./Core/Src/BlackBox.o
                0x0000000008001200                create_file
 .text.append_data_to_file
                0x0000000008001250       0xe8 ./Core/Src/BlackBox.o
                0x0000000008001250                append_data_to_file
 .text.QMC_init
                0x0000000008001338       0xe0 ./Core/Src/Compass.o
                0x0000000008001338                QMC_init
 .text.QMC_read
                0x0000000008001418      0x148 ./Core/Src/Compass.o
                0x0000000008001418                QMC_read
 .text.Transmit_Compass_Data
                0x0000000008001560       0xdc ./Core/Src/Compass.o
                0x0000000008001560                Transmit_Compass_Data
 .text.UART_Transmit_String
                0x000000000800163c       0x2c ./Core/Src/Control_Center.o
                0x000000000800163c                UART_Transmit_String
 .text.printIntroTitle
                0x0000000008001668       0x54 ./Core/Src/Control_Center.o
                0x0000000008001668                printIntroTitle
 .text.printOptions
                0x00000000080016bc       0x6c ./Core/Src/Control_Center.o
                0x00000000080016bc                printOptions
 .text.initialization_procedure
                0x0000000008001728       0xc4 ./Core/Src/Control_Center.o
                0x0000000008001728                initialization_procedure
 .text.sensors_readings
                0x00000000080017ec      0x1d8 ./Core/Src/Control_Center.o
                0x00000000080017ec                sensors_readings
 .text.handleUserCommand
                0x00000000080019c4      0x1d8 ./Core/Src/Control_Center.o
                0x00000000080019c4                handleUserCommand
 .text.getNumberOfIterations
                0x0000000008001b9c       0x5c ./Core/Src/Control_Center.o
                0x0000000008001b9c                getNumberOfIterations
 .text.UART_Transmit_Messages_IMU
                0x0000000008001bf8       0x2c ./Core/Src/IMU.o
                0x0000000008001bf8                UART_Transmit_Messages_IMU
 .text.platform_read
                0x0000000008001c24       0x48 ./Core/Src/IMU.o
                0x0000000008001c24                platform_read
 .text.platform_write
                0x0000000008001c6c       0x48 ./Core/Src/IMU.o
                0x0000000008001c6c                platform_write
 .text.IMU_Initialization
                0x0000000008001cb4       0xec ./Core/Src/IMU.o
                0x0000000008001cb4                IMU_Initialization
 .text.IMU_Data_Read
                0x0000000008001da0      0x170 ./Core/Src/IMU.o
                0x0000000008001da0                IMU_Data_Read
 .text.IMU_Data_Read_Calibrated
                0x0000000008001f10      0x1c8 ./Core/Src/IMU.o
                0x0000000008001f10                IMU_Data_Read_Calibrated
 .text.Calibrate_IMU
                0x00000000080020d8       0xf0 ./Core/Src/IMU.o
                0x00000000080020d8                Calibrate_IMU
 .text.Transmit_IMU_Data
                0x00000000080021c8      0x1a4 ./Core/Src/IMU.o
                0x00000000080021c8                Transmit_IMU_Data
 .text.kalman_init
                0x000000000800236c       0xa0 ./Core/Src/KalmanFilter.o
                0x000000000800236c                kalman_init
 .text.kalman_predict
                0x000000000800240c      0x424 ./Core/Src/KalmanFilter.o
                0x000000000800240c                kalman_predict
 .text.kalman_update
                0x0000000008002830      0x8b8 ./Core/Src/KalmanFilter.o
                0x0000000008002830                kalman_update
 .text.sensor_fusion
                0x00000000080030e8       0xe0 ./Core/Src/KalmanFilter.o
                0x00000000080030e8                sensor_fusion
 .text.execute_kalman
                0x00000000080031c8      0x104 ./Core/Src/KalmanFilter.o
                0x00000000080031c8                execute_kalman
 .text.dps310_i2c_read
                0x00000000080032cc       0x50 ./Core/Src/Pressure.o
                0x00000000080032cc                dps310_i2c_read
 .text.dps310_i2c_write
                0x000000000800331c       0x50 ./Core/Src/Pressure.o
                0x000000000800331c                dps310_i2c_write
 .text.Pressure_Init
                0x000000000800336c       0x48 ./Core/Src/Pressure.o
                0x000000000800336c                Pressure_Init
 .text.read_coefs
                0x00000000080033b4      0x13c ./Core/Src/Pressure.o
 .text.dps310_configure_temperature
                0x00000000080034f0       0x58 ./Core/Src/Pressure.o
                0x00000000080034f0                dps310_configure_temperature
 .text.dps310_configure_pressure
                0x0000000008003548       0x30 ./Core/Src/Pressure.o
                0x0000000008003548                dps310_configure_pressure
 .text.write_byte_to_reg
                0x0000000008003578       0x3e ./Core/Src/Pressure.o
 *fill*         0x00000000080035b6        0x2 
 .text.read_temperature
                0x00000000080035b8      0x104 ./Core/Src/Pressure.o
                0x00000000080035b8                read_temperature
 .text.read_pressure
                0x00000000080036bc      0x184 ./Core/Src/Pressure.o
                0x00000000080036bc                read_pressure
 .text.wait_for_reg_value
                0x0000000008003840       0x7e ./Core/Src/Pressure.o
 .text.get_scale_factor_for
                0x00000000080038be       0xb2 ./Core/Src/Pressure.o
 .text.get_two_complement_of
                0x0000000008003970       0x48 ./Core/Src/Pressure.o
 .text.product_id_check
                0x00000000080039b8       0x4c ./Core/Src/Pressure.o
 .text.get_temperature_sensor
                0x0000000008003a04       0x4c ./Core/Src/Pressure.o
 .text.Transmit_Pressure_Temp_Data
                0x0000000008003a50       0xa4 ./Core/Src/Pressure.o
                0x0000000008003a50                Transmit_Pressure_Temp_Data
 .text.Transmit_Temperature
                0x0000000008003af4      0x128 ./Core/Src/Temperature.o
                0x0000000008003af4                Transmit_Temperature
 .text.SELECT   0x0000000008003c1c       0x1c ./Core/Src/fatfs_sd.o
 .text.DESELECT
                0x0000000008003c38       0x1c ./Core/Src/fatfs_sd.o
 .text.SPI_TxByte
                0x0000000008003c54       0x34 ./Core/Src/fatfs_sd.o
 .text.SPI_TxBuffer
                0x0000000008003c88       0x34 ./Core/Src/fatfs_sd.o
 .text.SPI_RxByte
                0x0000000008003cbc       0x38 ./Core/Src/fatfs_sd.o
 .text.SPI_RxBytePtr
                0x0000000008003cf4       0x1c ./Core/Src/fatfs_sd.o
 .text.SD_ReadyWait
                0x0000000008003d10       0x34 ./Core/Src/fatfs_sd.o
 .text.SD_PowerOn
                0x0000000008003d44       0x84 ./Core/Src/fatfs_sd.o
 .text.SD_PowerOff
                0x0000000008003dc8       0x18 ./Core/Src/fatfs_sd.o
 .text.SD_CheckPower
                0x0000000008003de0       0x18 ./Core/Src/fatfs_sd.o
 .text.SD_RxDataBlock
                0x0000000008003df8       0x5c ./Core/Src/fatfs_sd.o
 .text.SD_TxDataBlock
                0x0000000008003e54       0x86 ./Core/Src/fatfs_sd.o
 .text.SD_SendCmd
                0x0000000008003eda       0xa8 ./Core/Src/fatfs_sd.o
 *fill*         0x0000000008003f82        0x2 
 .text.SD_disk_initialize
                0x0000000008003f84      0x1cc ./Core/Src/fatfs_sd.o
                0x0000000008003f84                SD_disk_initialize
 .text.SD_disk_status
                0x0000000008004150       0x2c ./Core/Src/fatfs_sd.o
                0x0000000008004150                SD_disk_status
 .text.SD_disk_read
                0x000000000800417c       0xd4 ./Core/Src/fatfs_sd.o
                0x000000000800417c                SD_disk_read
 .text.SD_disk_write
                0x0000000008004250      0x108 ./Core/Src/fatfs_sd.o
                0x0000000008004250                SD_disk_write
 .text.SD_disk_ioctl
                0x0000000008004358      0x258 ./Core/Src/fatfs_sd.o
                0x0000000008004358                SD_disk_ioctl
 .text.lsm6ds3tr_c_read_reg
                0x00000000080045b0       0x30 ./Core/Src/lsm6ds3tr-c_reg.o
                0x00000000080045b0                lsm6ds3tr_c_read_reg
 .text.lsm6ds3tr_c_write_reg
                0x00000000080045e0       0x30 ./Core/Src/lsm6ds3tr-c_reg.o
                0x00000000080045e0                lsm6ds3tr_c_write_reg
 .text.lsm6ds3tr_c_from_fs2g_to_mg
                0x0000000008004610       0x30 ./Core/Src/lsm6ds3tr-c_reg.o
                0x0000000008004610                lsm6ds3tr_c_from_fs2g_to_mg
 .text.lsm6ds3tr_c_from_fs125dps_to_mdps
                0x0000000008004640       0x30 ./Core/Src/lsm6ds3tr-c_reg.o
                0x0000000008004640                lsm6ds3tr_c_from_fs125dps_to_mdps
 .text.lsm6ds3tr_c_xl_full_scale_set
                0x0000000008004670       0x4c ./Core/Src/lsm6ds3tr-c_reg.o
                0x0000000008004670                lsm6ds3tr_c_xl_full_scale_set
 .text.lsm6ds3tr_c_xl_data_rate_set
                0x00000000080046bc       0x4c ./Core/Src/lsm6ds3tr-c_reg.o
                0x00000000080046bc                lsm6ds3tr_c_xl_data_rate_set
 .text.lsm6ds3tr_c_gy_full_scale_set
                0x0000000008004708       0x4c ./Core/Src/lsm6ds3tr-c_reg.o
                0x0000000008004708                lsm6ds3tr_c_gy_full_scale_set
 .text.lsm6ds3tr_c_gy_data_rate_set
                0x0000000008004754       0x4c ./Core/Src/lsm6ds3tr-c_reg.o
                0x0000000008004754                lsm6ds3tr_c_gy_data_rate_set
 .text.lsm6ds3tr_c_block_data_update_set
                0x00000000080047a0       0x4c ./Core/Src/lsm6ds3tr-c_reg.o
                0x00000000080047a0                lsm6ds3tr_c_block_data_update_set
 .text.lsm6ds3tr_c_xl_power_mode_set
                0x00000000080047ec       0x4c ./Core/Src/lsm6ds3tr-c_reg.o
                0x00000000080047ec                lsm6ds3tr_c_xl_power_mode_set
 .text.lsm6ds3tr_c_gy_power_mode_set
                0x0000000008004838       0x4c ./Core/Src/lsm6ds3tr-c_reg.o
                0x0000000008004838                lsm6ds3tr_c_gy_power_mode_set
 .text.lsm6ds3tr_c_angular_rate_raw_get
                0x0000000008004884       0x96 ./Core/Src/lsm6ds3tr-c_reg.o
                0x0000000008004884                lsm6ds3tr_c_angular_rate_raw_get
 .text.lsm6ds3tr_c_acceleration_raw_get
                0x000000000800491a       0x96 ./Core/Src/lsm6ds3tr-c_reg.o
                0x000000000800491a                lsm6ds3tr_c_acceleration_raw_get
 .text.lsm6ds3tr_c_device_id_get
                0x00000000080049b0       0x22 ./Core/Src/lsm6ds3tr-c_reg.o
                0x00000000080049b0                lsm6ds3tr_c_device_id_get
 .text.lsm6ds3tr_c_reset_set
                0x00000000080049d2       0x4c ./Core/Src/lsm6ds3tr-c_reg.o
                0x00000000080049d2                lsm6ds3tr_c_reset_set
 .text.lsm6ds3tr_c_reset_get
                0x0000000008004a1e       0x32 ./Core/Src/lsm6ds3tr-c_reg.o
                0x0000000008004a1e                lsm6ds3tr_c_reset_get
 .text.lsm6ds3tr_c_xl_lp1_bandwidth_set
                0x0000000008004a50       0x88 ./Core/Src/lsm6ds3tr-c_reg.o
                0x0000000008004a50                lsm6ds3tr_c_xl_lp1_bandwidth_set
 .text.lsm6ds3tr_c_i2c_interface_set
                0x0000000008004ad8       0x4c ./Core/Src/lsm6ds3tr-c_reg.o
                0x0000000008004ad8                lsm6ds3tr_c_i2c_interface_set
 .text.main     0x0000000008004b24       0xa8 ./Core/Src/main.o
                0x0000000008004b24                main
 .text.SystemClock_Config
                0x0000000008004bcc       0xd8 ./Core/Src/main.o
                0x0000000008004bcc                SystemClock_Config
 .text.MX_ADC3_Init
                0x0000000008004ca4       0xa4 ./Core/Src/main.o
 .text.MX_I2C1_Init
                0x0000000008004d48       0x5c ./Core/Src/main.o
 .text.MX_I2C2_Init
                0x0000000008004da4       0x5c ./Core/Src/main.o
 .text.MX_SPI1_Init
                0x0000000008004e00       0x6c ./Core/Src/main.o
 .text.MX_TIM2_Init
                0x0000000008004e6c      0x100 ./Core/Src/main.o
 .text.MX_TIM3_Init
                0x0000000008004f6c      0x130 ./Core/Src/main.o
 .text.MX_TIM4_Init
                0x000000000800509c       0xb4 ./Core/Src/main.o
 .text.MX_TIM5_Init
                0x0000000008005150       0xec ./Core/Src/main.o
 .text.MX_USART1_UART_Init
                0x000000000800523c       0x54 ./Core/Src/main.o
 .text.MX_USART2_UART_Init
                0x0000000008005290       0x54 ./Core/Src/main.o
 .text.MX_USART3_UART_Init
                0x00000000080052e4       0x54 ./Core/Src/main.o
 .text.MX_USART6_UART_Init
                0x0000000008005338       0x54 ./Core/Src/main.o
 .text.MX_USB_OTG_FS_USB_Init
                0x000000000800538c        0xe ./Core/Src/main.o
 *fill*         0x000000000800539a        0x2 
 .text.MX_GPIO_Init
                0x000000000800539c      0x1a4 ./Core/Src/main.o
 .text.Error_Handler
                0x0000000008005540        0xa ./Core/Src/main.o
                0x0000000008005540                Error_Handler
 *fill*         0x000000000800554a        0x2 
 .text.HAL_MspInit
                0x000000000800554c       0x50 ./Core/Src/stm32f4xx_hal_msp.o
                0x000000000800554c                HAL_MspInit
 .text.HAL_ADC_MspInit
                0x000000000800559c       0x88 ./Core/Src/stm32f4xx_hal_msp.o
                0x000000000800559c                HAL_ADC_MspInit
 .text.HAL_I2C_MspInit
                0x0000000008005624       0xfc ./Core/Src/stm32f4xx_hal_msp.o
                0x0000000008005624                HAL_I2C_MspInit
 .text.HAL_SPI_MspInit
                0x0000000008005720       0x90 ./Core/Src/stm32f4xx_hal_msp.o
                0x0000000008005720                HAL_SPI_MspInit
 .text.HAL_TIM_Base_MspInit
                0x00000000080057b0       0x98 ./Core/Src/stm32f4xx_hal_msp.o
                0x00000000080057b0                HAL_TIM_Base_MspInit
 .text.HAL_TIM_PWM_MspInit
                0x0000000008005848       0x44 ./Core/Src/stm32f4xx_hal_msp.o
                0x0000000008005848                HAL_TIM_PWM_MspInit
 .text.HAL_TIM_MspPostInit
                0x000000000800588c      0x19c ./Core/Src/stm32f4xx_hal_msp.o
                0x000000000800588c                HAL_TIM_MspPostInit
 .text.HAL_UART_MspInit
                0x0000000008005a28      0x210 ./Core/Src/stm32f4xx_hal_msp.o
                0x0000000008005a28                HAL_UART_MspInit
 .text.SDTimer_Handler
                0x0000000008005c38       0x48 ./Core/Src/stm32f4xx_it.o
                0x0000000008005c38                SDTimer_Handler
 .text.NMI_Handler
                0x0000000008005c80        0x6 ./Core/Src/stm32f4xx_it.o
                0x0000000008005c80                NMI_Handler
 .text.HardFault_Handler
                0x0000000008005c86        0x6 ./Core/Src/stm32f4xx_it.o
                0x0000000008005c86                HardFault_Handler
 .text.MemManage_Handler
                0x0000000008005c8c        0x6 ./Core/Src/stm32f4xx_it.o
                0x0000000008005c8c                MemManage_Handler
 .text.BusFault_Handler
                0x0000000008005c92        0x6 ./Core/Src/stm32f4xx_it.o
                0x0000000008005c92                BusFault_Handler
 .text.UsageFault_Handler
                0x0000000008005c98        0x6 ./Core/Src/stm32f4xx_it.o
                0x0000000008005c98                UsageFault_Handler
 .text.SVC_Handler
                0x0000000008005c9e        0xe ./Core/Src/stm32f4xx_it.o
                0x0000000008005c9e                SVC_Handler
 .text.DebugMon_Handler
                0x0000000008005cac        0xe ./Core/Src/stm32f4xx_it.o
                0x0000000008005cac                DebugMon_Handler
 .text.PendSV_Handler
                0x0000000008005cba        0xe ./Core/Src/stm32f4xx_it.o
                0x0000000008005cba                PendSV_Handler
 .text.SysTick_Handler
                0x0000000008005cc8       0x34 ./Core/Src/stm32f4xx_it.o
                0x0000000008005cc8                SysTick_Handler
 .text.EXTI9_5_IRQHandler
                0x0000000008005cfc       0x10 ./Core/Src/stm32f4xx_it.o
                0x0000000008005cfc                EXTI9_5_IRQHandler
 .text.EXTI15_10_IRQHandler
                0x0000000008005d0c       0x28 ./Core/Src/stm32f4xx_it.o
                0x0000000008005d0c                EXTI15_10_IRQHandler
 .text._getpid  0x0000000008005d34       0x10 ./Core/Src/syscalls.o
                0x0000000008005d34                _getpid
 .text._kill    0x0000000008005d44       0x20 ./Core/Src/syscalls.o
                0x0000000008005d44                _kill
 .text._exit    0x0000000008005d64       0x14 ./Core/Src/syscalls.o
                0x0000000008005d64                _exit
 .text._read    0x0000000008005d78       0x3a ./Core/Src/syscalls.o
                0x0000000008005d78                _read
 .text._write   0x0000000008005db2       0x38 ./Core/Src/syscalls.o
                0x0000000008005db2                _write
 .text._close   0x0000000008005dea       0x18 ./Core/Src/syscalls.o
                0x0000000008005dea                _close
 .text._fstat   0x0000000008005e02       0x20 ./Core/Src/syscalls.o
                0x0000000008005e02                _fstat
 .text._isatty  0x0000000008005e22       0x16 ./Core/Src/syscalls.o
                0x0000000008005e22                _isatty
 .text._lseek   0x0000000008005e38       0x1a ./Core/Src/syscalls.o
                0x0000000008005e38                _lseek
 *fill*         0x0000000008005e52        0x2 
 .text._sbrk    0x0000000008005e54       0x6c ./Core/Src/sysmem.o
                0x0000000008005e54                _sbrk
 .text.SystemInit
                0x0000000008005ec0       0x24 ./Core/Src/system_stm32f4xx.o
                0x0000000008005ec0                SystemInit
 .text.Reset_Handler
                0x0000000008005ee4       0x50 ./Core/Startup/startup_stm32f405rgtx.o
                0x0000000008005ee4                Reset_Handler
 .text.Default_Handler
                0x0000000008005f34        0x2 ./Core/Startup/startup_stm32f405rgtx.o
                0x0000000008005f34                DMA1_Stream3_IRQHandler
                0x0000000008005f34                HASH_RNG_IRQHandler
                0x0000000008005f34                EXTI2_IRQHandler
                0x0000000008005f34                TIM8_CC_IRQHandler
                0x0000000008005f34                TIM1_CC_IRQHandler
                0x0000000008005f34                DMA2_Stream5_IRQHandler
                0x0000000008005f34                DMA1_Stream5_IRQHandler
                0x0000000008005f34                PVD_IRQHandler
                0x0000000008005f34                SDIO_IRQHandler
                0x0000000008005f34                TAMP_STAMP_IRQHandler
                0x0000000008005f34                CAN2_RX1_IRQHandler
                0x0000000008005f34                EXTI3_IRQHandler
                0x0000000008005f34                TIM8_TRG_COM_TIM14_IRQHandler
                0x0000000008005f34                TIM1_UP_TIM10_IRQHandler
                0x0000000008005f34                TIM8_UP_TIM13_IRQHandler
                0x0000000008005f34                I2C3_ER_IRQHandler
                0x0000000008005f34                EXTI0_IRQHandler
                0x0000000008005f34                I2C2_EV_IRQHandler
                0x0000000008005f34                DMA1_Stream2_IRQHandler
                0x0000000008005f34                CAN1_RX0_IRQHandler
                0x0000000008005f34                FPU_IRQHandler
                0x0000000008005f34                OTG_HS_WKUP_IRQHandler
                0x0000000008005f34                CAN2_SCE_IRQHandler
                0x0000000008005f34                DMA2_Stream2_IRQHandler
                0x0000000008005f34                SPI1_IRQHandler
                0x0000000008005f34                TIM6_DAC_IRQHandler
                0x0000000008005f34                TIM1_BRK_TIM9_IRQHandler
                0x0000000008005f34                CAN2_RX0_IRQHandler
                0x0000000008005f34                DMA2_Stream3_IRQHandler
                0x0000000008005f34                USART6_IRQHandler
                0x0000000008005f34                USART3_IRQHandler
                0x0000000008005f34                CAN1_RX1_IRQHandler
                0x0000000008005f34                UART5_IRQHandler
                0x0000000008005f34                DMA2_Stream0_IRQHandler
                0x0000000008005f34                TIM4_IRQHandler
                0x0000000008005f34                I2C1_EV_IRQHandler
                0x0000000008005f34                DMA1_Stream6_IRQHandler
                0x0000000008005f34                DMA1_Stream1_IRQHandler
                0x0000000008005f34                UART4_IRQHandler
                0x0000000008005f34                TIM3_IRQHandler
                0x0000000008005f34                RCC_IRQHandler
                0x0000000008005f34                TIM8_BRK_TIM12_IRQHandler
                0x0000000008005f34                Default_Handler
                0x0000000008005f34                ADC_IRQHandler
                0x0000000008005f34                DMA1_Stream7_IRQHandler
                0x0000000008005f34                TIM7_IRQHandler
                0x0000000008005f34                CAN2_TX_IRQHandler
                0x0000000008005f34                TIM5_IRQHandler
                0x0000000008005f34                DMA2_Stream7_IRQHandler
                0x0000000008005f34                I2C3_EV_IRQHandler
                0x0000000008005f34                RTC_WKUP_IRQHandler
                0x0000000008005f34                SPI2_IRQHandler
                0x0000000008005f34                OTG_HS_EP1_IN_IRQHandler
                0x0000000008005f34                DMA1_Stream0_IRQHandler
                0x0000000008005f34                CAN1_TX_IRQHandler
                0x0000000008005f34                EXTI4_IRQHandler
                0x0000000008005f34                FSMC_IRQHandler
                0x0000000008005f34                OTG_HS_EP1_OUT_IRQHandler
                0x0000000008005f34                WWDG_IRQHandler
                0x0000000008005f34                TIM2_IRQHandler
                0x0000000008005f34                OTG_FS_WKUP_IRQHandler
                0x0000000008005f34                TIM1_TRG_COM_TIM11_IRQHandler
                0x0000000008005f34                OTG_HS_IRQHandler
                0x0000000008005f34                EXTI1_IRQHandler
                0x0000000008005f34                USART2_IRQHandler
                0x0000000008005f34                I2C2_ER_IRQHandler
                0x0000000008005f34                DMA2_Stream1_IRQHandler
                0x0000000008005f34                CAN1_SCE_IRQHandler
                0x0000000008005f34                FLASH_IRQHandler
                0x0000000008005f34                DMA2_Stream4_IRQHandler
                0x0000000008005f34                USART1_IRQHandler
                0x0000000008005f34                OTG_FS_IRQHandler
                0x0000000008005f34                SPI3_IRQHandler
                0x0000000008005f34                DMA1_Stream4_IRQHandler
                0x0000000008005f34                I2C1_ER_IRQHandler
                0x0000000008005f34                DMA2_Stream6_IRQHandler
                0x0000000008005f34                RTC_Alarm_IRQHandler
 *fill*         0x0000000008005f36        0x2 
 .text.HAL_Init
                0x0000000008005f38       0x44 ./Drivers/STM32F4xx_HAL_Driver/Src/stm32f4xx_hal.o
                0x0000000008005f38                HAL_Init
 .text.HAL_InitTick
                0x0000000008005f7c       0x60 ./Drivers/STM32F4xx_HAL_Driver/Src/stm32f4xx_hal.o
                0x0000000008005f7c                HAL_InitTick
 .text.HAL_IncTick
                0x0000000008005fdc       0x28 ./Drivers/STM32F4xx_HAL_Driver/Src/stm32f4xx_hal.o
                0x0000000008005fdc                HAL_IncTick
 .text.HAL_GetTick
                0x0000000008006004       0x18 ./Drivers/STM32F4xx_HAL_Driver/Src/stm32f4xx_hal.o
                0x0000000008006004                HAL_GetTick
 .text.HAL_Delay
                0x000000000800601c       0x48 ./Drivers/STM32F4xx_HAL_Driver/Src/stm32f4xx_hal.o
                0x000000000800601c                HAL_Delay
 .text.HAL_ADC_Init
                0x0000000008006064       0x86 ./Drivers/STM32F4xx_HAL_Driver/Src/stm32f4xx_hal_adc.o
                0x0000000008006064                HAL_ADC_Init
 *fill*         0x00000000080060ea        0x2 
 .text.HAL_ADC_ConfigChannel
                0x00000000080060ec      0x244 ./Drivers/STM32F4xx_HAL_Driver/Src/stm32f4xx_hal_adc.o
                0x00000000080060ec                HAL_ADC_ConfigChannel
 .text.ADC_Init
                0x0000000008006330      0x1f8 ./Drivers/STM32F4xx_HAL_Driver/Src/stm32f4xx_hal_adc.o
 .text.__NVIC_SetPriorityGrouping
                0x0000000008006528       0x48 ./Drivers/STM32F4xx_HAL_Driver/Src/stm32f4xx_hal_cortex.o
 .text.__NVIC_GetPriorityGrouping
                0x0000000008006570       0x1c ./Drivers/STM32F4xx_HAL_Driver/Src/stm32f4xx_hal_cortex.o
 .text.__NVIC_EnableIRQ
                0x000000000800658c       0x3c ./Drivers/STM32F4xx_HAL_Driver/Src/stm32f4xx_hal_cortex.o
 .text.__NVIC_SetPriority
                0x00000000080065c8       0x54 ./Drivers/STM32F4xx_HAL_Driver/Src/stm32f4xx_hal_cortex.o
 .text.NVIC_EncodePriority
                0x000000000800661c       0x66 ./Drivers/STM32F4xx_HAL_Driver/Src/stm32f4xx_hal_cortex.o
 *fill*         0x0000000008006682        0x2 
 .text.SysTick_Config
                0x0000000008006684       0x44 ./Drivers/STM32F4xx_HAL_Driver/Src/stm32f4xx_hal_cortex.o
 .text.HAL_NVIC_SetPriorityGrouping
                0x00000000080066c8       0x16 ./Drivers/STM32F4xx_HAL_Driver/Src/stm32f4xx_hal_cortex.o
                0x00000000080066c8                HAL_NVIC_SetPriorityGrouping
 .text.HAL_NVIC_SetPriority
                0x00000000080066de       0x38 ./Drivers/STM32F4xx_HAL_Driver/Src/stm32f4xx_hal_cortex.o
                0x00000000080066de                HAL_NVIC_SetPriority
 .text.HAL_NVIC_EnableIRQ
                0x0000000008006716       0x1c ./Drivers/STM32F4xx_HAL_Driver/Src/stm32f4xx_hal_cortex.o
                0x0000000008006716                HAL_NVIC_EnableIRQ
 .text.HAL_SYSTICK_Config
                0x0000000008006732       0x18 ./Drivers/STM32F4xx_HAL_Driver/Src/stm32f4xx_hal_cortex.o
                0x0000000008006732                HAL_SYSTICK_Config
 *fill*         0x000000000800674a        0x2 
 .text.HAL_GPIO_Init
                0x000000000800674c      0x338 ./Drivers/STM32F4xx_HAL_Driver/Src/stm32f4xx_hal_gpio.o
                0x000000000800674c                HAL_GPIO_Init
 .text.HAL_GPIO_WritePin
                0x0000000008006a84       0x32 ./Drivers/STM32F4xx_HAL_Driver/Src/stm32f4xx_hal_gpio.o
                0x0000000008006a84                HAL_GPIO_WritePin
 *fill*         0x0000000008006ab6        0x2 
 .text.HAL_GPIO_EXTI_IRQHandler
                0x0000000008006ab8       0x30 ./Drivers/STM32F4xx_HAL_Driver/Src/stm32f4xx_hal_gpio.o
                0x0000000008006ab8                HAL_GPIO_EXTI_IRQHandler
 .text.HAL_GPIO_EXTI_Callback
                0x0000000008006ae8       0x16 ./Drivers/STM32F4xx_HAL_Driver/Src/stm32f4xx_hal_gpio.o
                0x0000000008006ae8                HAL_GPIO_EXTI_Callback
 *fill*         0x0000000008006afe        0x2 
 .text.HAL_I2C_Init
                0x0000000008006b00      0x288 ./Drivers/STM32F4xx_HAL_Driver/Src/stm32f4xx_hal_i2c.o
                0x0000000008006b00                HAL_I2C_Init
 .text.HAL_I2C_Master_Transmit
                0x0000000008006d88      0x1fc ./Drivers/STM32F4xx_HAL_Driver/Src/stm32f4xx_hal_i2c.o
                0x0000000008006d88                HAL_I2C_Master_Transmit
 .text.HAL_I2C_Master_Receive
                0x0000000008006f84      0x44c ./Drivers/STM32F4xx_HAL_Driver/Src/stm32f4xx_hal_i2c.o
                0x0000000008006f84                HAL_I2C_Master_Receive
 .text.HAL_I2C_Mem_Write
                0x00000000080073d0      0x1f4 ./Drivers/STM32F4xx_HAL_Driver/Src/stm32f4xx_hal_i2c.o
                0x00000000080073d0                HAL_I2C_Mem_Write
 .text.HAL_I2C_Mem_Read
                0x00000000080075c4      0x44c ./Drivers/STM32F4xx_HAL_Driver/Src/stm32f4xx_hal_i2c.o
                0x00000000080075c4                HAL_I2C_Mem_Read
 .text.I2C_MasterRequestWrite
                0x0000000008007a10      0x104 ./Drivers/STM32F4xx_HAL_Driver/Src/stm32f4xx_hal_i2c.o
 .text.I2C_MasterRequestRead
                0x0000000008007b14      0x19c ./Drivers/STM32F4xx_HAL_Driver/Src/stm32f4xx_hal_i2c.o
 .text.I2C_RequestMemoryWrite
                0x0000000008007cb0      0x12c ./Drivers/STM32F4xx_HAL_Driver/Src/stm32f4xx_hal_i2c.o
 .text.I2C_RequestMemoryRead
                0x0000000008007ddc      0x1d0 ./Drivers/STM32F4xx_HAL_Driver/Src/stm32f4xx_hal_i2c.o
 .text.I2C_WaitOnFlagUntilTimeout
                0x0000000008007fac       0xae ./Drivers/STM32F4xx_HAL_Driver/Src/stm32f4xx_hal_i2c.o
 .text.I2C_WaitOnMasterAddressFlagUntilTimeout
                0x000000000800805a       0xfe ./Drivers/STM32F4xx_HAL_Driver/Src/stm32f4xx_hal_i2c.o
 .text.I2C_WaitOnTXEFlagUntilTimeout
                0x0000000008008158       0x82 ./Drivers/STM32F4xx_HAL_Driver/Src/stm32f4xx_hal_i2c.o
 .text.I2C_WaitOnBTFFlagUntilTimeout
                0x00000000080081da       0x82 ./Drivers/STM32F4xx_HAL_Driver/Src/stm32f4xx_hal_i2c.o
 .text.I2C_WaitOnRXNEFlagUntilTimeout
                0x000000000800825c       0xac ./Drivers/STM32F4xx_HAL_Driver/Src/stm32f4xx_hal_i2c.o
 .text.I2C_IsAcknowledgeFailed
                0x0000000008008308       0x5e ./Drivers/STM32F4xx_HAL_Driver/Src/stm32f4xx_hal_i2c.o
 *fill*         0x0000000008008366        0x2 
 .text.HAL_RCC_OscConfig
                0x0000000008008368      0x4f0 ./Drivers/STM32F4xx_HAL_Driver/Src/stm32f4xx_hal_rcc.o
                0x0000000008008368                HAL_RCC_OscConfig
 .text.HAL_RCC_ClockConfig
                0x0000000008008858      0x1cc ./Drivers/STM32F4xx_HAL_Driver/Src/stm32f4xx_hal_rcc.o
                0x0000000008008858                HAL_RCC_ClockConfig
 .text.HAL_RCC_GetSysClockFreq
                0x0000000008008a24      0x18c ./Drivers/STM32F4xx_HAL_Driver/Src/stm32f4xx_hal_rcc.o
                0x0000000008008a24                HAL_RCC_GetSysClockFreq
 .text.HAL_RCC_GetHCLKFreq
                0x0000000008008bb0       0x18 ./Drivers/STM32F4xx_HAL_Driver/Src/stm32f4xx_hal_rcc.o
                0x0000000008008bb0                HAL_RCC_GetHCLKFreq
 .text.HAL_RCC_GetPCLK1Freq
                0x0000000008008bc8       0x28 ./Drivers/STM32F4xx_HAL_Driver/Src/stm32f4xx_hal_rcc.o
                0x0000000008008bc8                HAL_RCC_GetPCLK1Freq
 .text.HAL_RCC_GetPCLK2Freq
                0x0000000008008bf0       0x28 ./Drivers/STM32F4xx_HAL_Driver/Src/stm32f4xx_hal_rcc.o
                0x0000000008008bf0                HAL_RCC_GetPCLK2Freq
 .text.HAL_SPI_Init
                0x0000000008008c18      0x112 ./Drivers/STM32F4xx_HAL_Driver/Src/stm32f4xx_hal_spi.o
                0x0000000008008c18                HAL_SPI_Init
 .text.HAL_SPI_Transmit
                0x0000000008008d2a      0x278 ./Drivers/STM32F4xx_HAL_Driver/Src/stm32f4xx_hal_spi.o
                0x0000000008008d2a                HAL_SPI_Transmit
 .text.HAL_SPI_TransmitReceive
                0x0000000008008fa2      0x344 ./Drivers/STM32F4xx_HAL_Driver/Src/stm32f4xx_hal_spi.o
                0x0000000008008fa2                HAL_SPI_TransmitReceive
 *fill*         0x00000000080092e6        0x2 
 .text.SPI_WaitFlagStateUntilTimeout
                0x00000000080092e8      0x110 ./Drivers/STM32F4xx_HAL_Driver/Src/stm32f4xx_hal_spi.o
 .text.SPI_EndRxTxTransaction
                0x00000000080093f8       0x84 ./Drivers/STM32F4xx_HAL_Driver/Src/stm32f4xx_hal_spi.o
 .text.HAL_TIM_Base_Init
                0x000000000800947c       0x9e ./Drivers/STM32F4xx_HAL_Driver/Src/stm32f4xx_hal_tim.o
                0x000000000800947c                HAL_TIM_Base_Init
 .text.HAL_TIM_PWM_Init
                0x000000000800951a       0x9e ./Drivers/STM32F4xx_HAL_Driver/Src/stm32f4xx_hal_tim.o
                0x000000000800951a                HAL_TIM_PWM_Init
 .text.HAL_TIM_PWM_ConfigChannel
                0x00000000080095b8      0x184 ./Drivers/STM32F4xx_HAL_Driver/Src/stm32f4xx_hal_tim.o
                0x00000000080095b8                HAL_TIM_PWM_ConfigChannel
 .text.HAL_TIM_ConfigClockSource
                0x000000000800973c      0x18e ./Drivers/STM32F4xx_HAL_Driver/Src/stm32f4xx_hal_tim.o
                0x000000000800973c                HAL_TIM_ConfigClockSource
 *fill*         0x00000000080098ca        0x2 
 .text.TIM_Base_SetConfig
                0x00000000080098cc      0x140 ./Drivers/STM32F4xx_HAL_Driver/Src/stm32f4xx_hal_tim.o
                0x00000000080098cc                TIM_Base_SetConfig
 .text.TIM_OC1_SetConfig
                0x0000000008009a0c       0xe0 ./Drivers/STM32F4xx_HAL_Driver/Src/stm32f4xx_hal_tim.o
 .text.TIM_OC2_SetConfig
                0x0000000008009aec       0xec ./Drivers/STM32F4xx_HAL_Driver/Src/stm32f4xx_hal_tim.o
                0x0000000008009aec                TIM_OC2_SetConfig
 .text.TIM_OC3_SetConfig
                0x0000000008009bd8       0xe8 ./Drivers/STM32F4xx_HAL_Driver/Src/stm32f4xx_hal_tim.o
 .text.TIM_OC4_SetConfig
                0x0000000008009cc0       0xac ./Drivers/STM32F4xx_HAL_Driver/Src/stm32f4xx_hal_tim.o
 .text.TIM_TI1_ConfigInputStage
                0x0000000008009d6c       0x5e ./Drivers/STM32F4xx_HAL_Driver/Src/stm32f4xx_hal_tim.o
 .text.TIM_TI2_ConfigInputStage
                0x0000000008009dca       0x60 ./Drivers/STM32F4xx_HAL_Driver/Src/stm32f4xx_hal_tim.o
 .text.TIM_ITRx_SetConfig
                0x0000000008009e2a       0x36 ./Drivers/STM32F4xx_HAL_Driver/Src/stm32f4xx_hal_tim.o
 .text.TIM_ETR_SetConfig
                0x0000000008009e60       0x40 ./Drivers/STM32F4xx_HAL_Driver/Src/stm32f4xx_hal_tim.o
                0x0000000008009e60                TIM_ETR_SetConfig
 .text.HAL_TIMEx_MasterConfigSynchronization
                0x0000000008009ea0       0xf8 ./Drivers/STM32F4xx_HAL_Driver/Src/stm32f4xx_hal_tim_ex.o
                0x0000000008009ea0                HAL_TIMEx_MasterConfigSynchronization
 .text.HAL_UART_Init
                0x0000000008009f98       0x9a ./Drivers/STM32F4xx_HAL_Driver/Src/stm32f4xx_hal_uart.o
                0x0000000008009f98                HAL_UART_Init
 .text.HAL_UART_Transmit
                0x000000000800a032      0x124 ./Drivers/STM32F4xx_HAL_Driver/Src/stm32f4xx_hal_uart.o
                0x000000000800a032                HAL_UART_Transmit
 .text.HAL_UART_Receive
                0x000000000800a156      0x144 ./Drivers/STM32F4xx_HAL_Driver/Src/stm32f4xx_hal_uart.o
                0x000000000800a156                HAL_UART_Receive
 .text.UART_WaitOnFlagUntilTimeout
                0x000000000800a29a       0xdc ./Drivers/STM32F4xx_HAL_Driver/Src/stm32f4xx_hal_uart.o
 *fill*         0x000000000800a376        0x2 
 .text.UART_SetConfig
                0x000000000800a378      0x4e8 ./Drivers/STM32F4xx_HAL_Driver/Src/stm32f4xx_hal_uart.o
 .text.MX_FATFS_Init
                0x000000000800a860       0x24 ./FATFS/App/fatfs.o
                0x000000000800a860                MX_FATFS_Init
 .text.get_fattime
                0x000000000800a884       0x10 ./FATFS/App/fatfs.o
                0x000000000800a884                get_fattime
 .text.USER_initialize
                0x000000000800a894       0x1c ./FATFS/Target/user_diskio.o
                0x000000000800a894                USER_initialize
 .text.USER_status
                0x000000000800a8b0       0x1c ./FATFS/Target/user_diskio.o
                0x000000000800a8b0                USER_status
 .text.USER_read
                0x000000000800a8cc       0x26 ./FATFS/Target/user_diskio.o
                0x000000000800a8cc                USER_read
 .text.USER_write
                0x000000000800a8f2       0x26 ./FATFS/Target/user_diskio.o
                0x000000000800a8f2                USER_write
 .text.USER_ioctl
                0x000000000800a918       0x26 ./FATFS/Target/user_diskio.o
                0x000000000800a918                USER_ioctl
 *fill*         0x000000000800a93e        0x2 
 .text.disk_status
                0x000000000800a940       0x34 ./Middlewares/Third_Party/FatFs/src/diskio.o
                0x000000000800a940                disk_status
 .text.disk_initialize
                0x000000000800a974       0x4c ./Middlewares/Third_Party/FatFs/src/diskio.o
                0x000000000800a974                disk_initialize
 .text.disk_read
                0x000000000800a9c0       0x40 ./Middlewares/Third_Party/FatFs/src/diskio.o
                0x000000000800a9c0                disk_read
 .text.disk_write
                0x000000000800aa00       0x40 ./Middlewares/Third_Party/FatFs/src/diskio.o
                0x000000000800aa00                disk_write
 .text.disk_ioctl
                0x000000000800aa40       0x3c ./Middlewares/Third_Party/FatFs/src/diskio.o
                0x000000000800aa40                disk_ioctl
 .text.ld_word  0x000000000800aa7c       0x30 ./Middlewares/Third_Party/FatFs/src/ff.o
 .text.ld_dword
                0x000000000800aaac       0x46 ./Middlewares/Third_Party/FatFs/src/ff.o
 .text.st_word  0x000000000800aaf2       0x36 ./Middlewares/Third_Party/FatFs/src/ff.o
 .text.st_dword
                0x000000000800ab28       0x58 ./Middlewares/Third_Party/FatFs/src/ff.o
 .text.mem_cpy  0x000000000800ab80       0x42 ./Middlewares/Third_Party/FatFs/src/ff.o
 .text.mem_set  0x000000000800abc2       0x36 ./Middlewares/Third_Party/FatFs/src/ff.o
 .text.mem_cmp  0x000000000800abf8       0x4e ./Middlewares/Third_Party/FatFs/src/ff.o
 .text.chk_chr  0x000000000800ac46       0x36 ./Middlewares/Third_Party/FatFs/src/ff.o
 .text.chk_lock
                0x000000000800ac7c       0xb8 ./Middlewares/Third_Party/FatFs/src/ff.o
 .text.enq_lock
                0x000000000800ad34       0x44 ./Middlewares/Third_Party/FatFs/src/ff.o
 .text.inc_lock
                0x000000000800ad78      0x11c ./Middlewares/Third_Party/FatFs/src/ff.o
 .text.dec_lock
                0x000000000800ae94       0x78 ./Middlewares/Third_Party/FatFs/src/ff.o
 .text.clear_lock
                0x000000000800af0c       0x48 ./Middlewares/Third_Party/FatFs/src/ff.o
 .text.sync_window
                0x000000000800af54       0x88 ./Middlewares/Third_Party/FatFs/src/ff.o
 .text.move_window
                0x000000000800afdc       0x5a ./Middlewares/Third_Party/FatFs/src/ff.o
 *fill*         0x000000000800b036        0x2 
 .text.sync_fs  0x000000000800b038       0xe0 ./Middlewares/Third_Party/FatFs/src/ff.o
 .text.clust2sect
                0x000000000800b118       0x3e ./Middlewares/Third_Party/FatFs/src/ff.o
 .text.get_fat  0x000000000800b156      0x1a8 ./Middlewares/Third_Party/FatFs/src/ff.o
 .text.put_fat  0x000000000800b2fe      0x234 ./Middlewares/Third_Party/FatFs/src/ff.o
 .text.remove_chain
                0x000000000800b532       0xca ./Middlewares/Third_Party/FatFs/src/ff.o
 .text.create_chain
                0x000000000800b5fc      0x130 ./Middlewares/Third_Party/FatFs/src/ff.o
 .text.clmt_clust
                0x000000000800b72c       0x70 ./Middlewares/Third_Party/FatFs/src/ff.o
 .text.dir_sdi  0x000000000800b79c      0x112 ./Middlewares/Third_Party/FatFs/src/ff.o
 .text.dir_next
                0x000000000800b8ae      0x1ac ./Middlewares/Third_Party/FatFs/src/ff.o
 .text.dir_alloc
                0x000000000800ba5a       0x8e ./Middlewares/Third_Party/FatFs/src/ff.o
 .text.ld_clust
                0x000000000800bae8       0x3e ./Middlewares/Third_Party/FatFs/src/ff.o
 .text.st_clust
                0x000000000800bb26       0x40 ./Middlewares/Third_Party/FatFs/src/ff.o
 *fill*         0x000000000800bb66        0x2 
 .text.cmp_lfn  0x000000000800bb68       0xe0 ./Middlewares/Third_Party/FatFs/src/ff.o
 .text.put_lfn  0x000000000800bc48       0xd0 ./Middlewares/Third_Party/FatFs/src/ff.o
 .text.gen_numname
                0x000000000800bd18      0x11c ./Middlewares/Third_Party/FatFs/src/ff.o
 .text.sum_sfn  0x000000000800be34       0x42 ./Middlewares/Third_Party/FatFs/src/ff.o
 .text.dir_find
                0x000000000800be76      0x180 ./Middlewares/Third_Party/FatFs/src/ff.o
 *fill*         0x000000000800bff6        0x2 
 .text.dir_register
                0x000000000800bff8      0x1f0 ./Middlewares/Third_Party/FatFs/src/ff.o
 .text.get_fileinfo
                0x000000000800c1e8      0x1ba ./Middlewares/Third_Party/FatFs/src/ff.o
 *fill*         0x000000000800c3a2        0x2 
 .text.create_name
                0x000000000800c3a4      0x370 ./Middlewares/Third_Party/FatFs/src/ff.o
 .text.follow_path
                0x000000000800c714       0xec ./Middlewares/Third_Party/FatFs/src/ff.o
 .text.get_ldnumber
                0x000000000800c800       0x88 ./Middlewares/Third_Party/FatFs/src/ff.o
 .text.check_fs
                0x000000000800c888       0xac ./Middlewares/Third_Party/FatFs/src/ff.o
 .text.find_volume
                0x000000000800c934      0x50c ./Middlewares/Third_Party/FatFs/src/ff.o
 .text.validate
                0x000000000800ce40       0x6a ./Middlewares/Third_Party/FatFs/src/ff.o
 *fill*         0x000000000800ceaa        0x2 
 .text.f_mount  0x000000000800ceac       0x8c ./Middlewares/Third_Party/FatFs/src/ff.o
                0x000000000800ceac                f_mount
 .text.f_open   0x000000000800cf38      0x398 ./Middlewares/Third_Party/FatFs/src/ff.o
                0x000000000800cf38                f_open
 .text.f_write  0x000000000800d2d0      0x328 ./Middlewares/Third_Party/FatFs/src/ff.o
                0x000000000800d2d0                f_write
 .text.f_sync   0x000000000800d5f8       0xfc ./Middlewares/Third_Party/FatFs/src/ff.o
                0x000000000800d5f8                f_sync
 .text.f_close  0x000000000800d6f4       0x54 ./Middlewares/Third_Party/FatFs/src/ff.o
                0x000000000800d6f4                f_close
 .text.f_stat   0x000000000800d748       0x72 ./Middlewares/Third_Party/FatFs/src/ff.o
                0x000000000800d748                f_stat
 .text.f_getfree
                0x000000000800d7ba      0x16a ./Middlewares/Third_Party/FatFs/src/ff.o
                0x000000000800d7ba                f_getfree
 .text.FATFS_LinkDriverEx
                0x000000000800d924       0x98 ./Middlewares/Third_Party/FatFs/src/ff_gen_drv.o
                0x000000000800d924                FATFS_LinkDriverEx
 .text.FATFS_LinkDriver
                0x000000000800d9bc       0x1e ./Middlewares/Third_Party/FatFs/src/ff_gen_drv.o
                0x000000000800d9bc                FATFS_LinkDriver
 *fill*         0x000000000800d9da        0x2 
 .text.ff_convert
                0x000000000800d9dc       0x78 ./Middlewares/Third_Party/FatFs/src/option/ccsbcs.o
                0x000000000800d9dc                ff_convert
 .text.ff_wtoupper
                0x000000000800da54      0x114 ./Middlewares/Third_Party/FatFs/src/option/ccsbcs.o
                0x000000000800da54                ff_wtoupper
 .text.arm_mat_mult_f32
                0x000000000800db68      0x148 /Users/yaxsomo/STM32CubeIDE/workspace_1.12.1/AeroSentinel Flight Computer/Drivers/CMSIS/DSP/Lib/libarm_cortexM4lf_math.a(arm_mat_mult_f32.o)
                0x000000000800db68                arm_mat_mult_f32
 .text.arm_mat_inverse_f32
                0x000000000800dcb0      0x27c /Users/yaxsomo/STM32CubeIDE/workspace_1.12.1/AeroSentinel Flight Computer/Drivers/CMSIS/DSP/Lib/libarm_cortexM4lf_math.a(arm_mat_inverse_f32.o)
                0x000000000800dcb0                arm_mat_inverse_f32
 .text.arm_mat_init_f32
                0x000000000800df2c        0x8 /Users/yaxsomo/STM32CubeIDE/workspace_1.12.1/AeroSentinel Flight Computer/Drivers/CMSIS/DSP/Lib/libarm_cortexM4lf_math.a(arm_mat_init_f32.o)
                0x000000000800df2c                arm_mat_init_f32
 .text.atoi     0x000000000800df34        0x8 /Applications/STM32CubeIDE.app/Contents/Eclipse/plugins/com.st.stm32cube.ide.mcu.externaltools.gnu-tools-for-stm32.11.3.rel1.macos64_1.1.0.202305231506/tools/bin/../lib/gcc/arm-none-eabi/11.3.1/../../../../arm-none-eabi/lib/thumb/v7e-m+fp/hard/libc_nano.a(libc_a-atoi.o)
                0x000000000800df34                atoi
 .text.__cvt    0x000000000800df3c       0xc4 /Applications/STM32CubeIDE.app/Contents/Eclipse/plugins/com.st.stm32cube.ide.mcu.externaltools.gnu-tools-for-stm32.11.3.rel1.macos64_1.1.0.202305231506/tools/bin/../lib/gcc/arm-none-eabi/11.3.1/../../../../arm-none-eabi/lib/thumb/v7e-m+fp/hard/libc_nano.a(libc_a-nano-vfprintf_float.o)
                0x000000000800df3c                __cvt
 .text.__exponent
                0x000000000800e000       0x7c /Applications/STM32CubeIDE.app/Contents/Eclipse/plugins/com.st.stm32cube.ide.mcu.externaltools.gnu-tools-for-stm32.11.3.rel1.macos64_1.1.0.202305231506/tools/bin/../lib/gcc/arm-none-eabi/11.3.1/../../../../arm-none-eabi/lib/thumb/v7e-m+fp/hard/libc_nano.a(libc_a-nano-vfprintf_float.o)
                0x000000000800e000                __exponent
 .text._printf_float
                0x000000000800e07c      0x46c /Applications/STM32CubeIDE.app/Contents/Eclipse/plugins/com.st.stm32cube.ide.mcu.externaltools.gnu-tools-for-stm32.11.3.rel1.macos64_1.1.0.202305231506/tools/bin/../lib/gcc/arm-none-eabi/11.3.1/../../../../arm-none-eabi/lib/thumb/v7e-m+fp/hard/libc_nano.a(libc_a-nano-vfprintf_float.o)
                0x000000000800e07c                _printf_float
 .text._printf_common
                0x000000000800e4e8       0xda /Applications/STM32CubeIDE.app/Contents/Eclipse/plugins/com.st.stm32cube.ide.mcu.externaltools.gnu-tools-for-stm32.11.3.rel1.macos64_1.1.0.202305231506/tools/bin/../lib/gcc/arm-none-eabi/11.3.1/../../../../arm-none-eabi/lib/thumb/v7e-m+fp/hard/libc_nano.a(libc_a-nano-vfprintf_i.o)
                0x000000000800e4e8                _printf_common
 *fill*         0x000000000800e5c2        0x2 
 .text._printf_i
                0x000000000800e5c4      0x244 /Applications/STM32CubeIDE.app/Contents/Eclipse/plugins/com.st.stm32cube.ide.mcu.externaltools.gnu-tools-for-stm32.11.3.rel1.macos64_1.1.0.202305231506/tools/bin/../lib/gcc/arm-none-eabi/11.3.1/../../../../arm-none-eabi/lib/thumb/v7e-m+fp/hard/libc_nano.a(libc_a-nano-vfprintf_i.o)
                0x000000000800e5c4                _printf_i
 .text._scanf_float
                0x000000000800e808      0x420 /Applications/STM32CubeIDE.app/Contents/Eclipse/plugins/com.st.stm32cube.ide.mcu.externaltools.gnu-tools-for-stm32.11.3.rel1.macos64_1.1.0.202305231506/tools/bin/../lib/gcc/arm-none-eabi/11.3.1/../../../../arm-none-eabi/lib/thumb/v7e-m+fp/hard/libc_nano.a(libc_a-nano-vfscanf_float.o)
                0x000000000800e808                _scanf_float
 .text.snprintf
                0x000000000800ec28       0x68 /Applications/STM32CubeIDE.app/Contents/Eclipse/plugins/com.st.stm32cube.ide.mcu.externaltools.gnu-tools-for-stm32.11.3.rel1.macos64_1.1.0.202305231506/tools/bin/../lib/gcc/arm-none-eabi/11.3.1/../../../../arm-none-eabi/lib/thumb/v7e-m+fp/hard/libc_nano.a(libc_a-snprintf.o)
                0x000000000800ec28                snprintf
                0x000000000800ec28                sniprintf
 .text.sprintf  0x000000000800ec90       0x40 /Applications/STM32CubeIDE.app/Contents/Eclipse/plugins/com.st.stm32cube.ide.mcu.externaltools.gnu-tools-for-stm32.11.3.rel1.macos64_1.1.0.202305231506/tools/bin/../lib/gcc/arm-none-eabi/11.3.1/../../../../arm-none-eabi/lib/thumb/v7e-m+fp/hard/libc_nano.a(libc_a-sprintf.o)
                0x000000000800ec90                sprintf
                0x000000000800ec90                siprintf
 .text.std      0x000000000800ecd0       0x48 /Applications/STM32CubeIDE.app/Contents/Eclipse/plugins/com.st.stm32cube.ide.mcu.externaltools.gnu-tools-for-stm32.11.3.rel1.macos64_1.1.0.202305231506/tools/bin/../lib/gcc/arm-none-eabi/11.3.1/../../../../arm-none-eabi/lib/thumb/v7e-m+fp/hard/libc_nano.a(libc_a-findfp.o)
 .text.stdio_exit_handler
                0x000000000800ed18       0x18 /Applications/STM32CubeIDE.app/Contents/Eclipse/plugins/com.st.stm32cube.ide.mcu.externaltools.gnu-tools-for-stm32.11.3.rel1.macos64_1.1.0.202305231506/tools/bin/../lib/gcc/arm-none-eabi/11.3.1/../../../../arm-none-eabi/lib/thumb/v7e-m+fp/hard/libc_nano.a(libc_a-findfp.o)
 .text.cleanup_stdio
                0x000000000800ed30       0x40 /Applications/STM32CubeIDE.app/Contents/Eclipse/plugins/com.st.stm32cube.ide.mcu.externaltools.gnu-tools-for-stm32.11.3.rel1.macos64_1.1.0.202305231506/tools/bin/../lib/gcc/arm-none-eabi/11.3.1/../../../../arm-none-eabi/lib/thumb/v7e-m+fp/hard/libc_nano.a(libc_a-findfp.o)
 .text.global_stdio_init.part.0
                0x000000000800ed70       0x3c /Applications/STM32CubeIDE.app/Contents/Eclipse/plugins/com.st.stm32cube.ide.mcu.externaltools.gnu-tools-for-stm32.11.3.rel1.macos64_1.1.0.202305231506/tools/bin/../lib/gcc/arm-none-eabi/11.3.1/../../../../arm-none-eabi/lib/thumb/v7e-m+fp/hard/libc_nano.a(libc_a-findfp.o)
 .text.__sfp_lock_acquire
                0x000000000800edac        0xc /Applications/STM32CubeIDE.app/Contents/Eclipse/plugins/com.st.stm32cube.ide.mcu.externaltools.gnu-tools-for-stm32.11.3.rel1.macos64_1.1.0.202305231506/tools/bin/../lib/gcc/arm-none-eabi/11.3.1/../../../../arm-none-eabi/lib/thumb/v7e-m+fp/hard/libc_nano.a(libc_a-findfp.o)
                0x000000000800edac                __sfp_lock_acquire
 .text.__sfp_lock_release
                0x000000000800edb8        0xc /Applications/STM32CubeIDE.app/Contents/Eclipse/plugins/com.st.stm32cube.ide.mcu.externaltools.gnu-tools-for-stm32.11.3.rel1.macos64_1.1.0.202305231506/tools/bin/../lib/gcc/arm-none-eabi/11.3.1/../../../../arm-none-eabi/lib/thumb/v7e-m+fp/hard/libc_nano.a(libc_a-findfp.o)
                0x000000000800edb8                __sfp_lock_release
 .text.__sinit  0x000000000800edc4       0x30 /Applications/STM32CubeIDE.app/Contents/Eclipse/plugins/com.st.stm32cube.ide.mcu.externaltools.gnu-tools-for-stm32.11.3.rel1.macos64_1.1.0.202305231506/tools/bin/../lib/gcc/arm-none-eabi/11.3.1/../../../../arm-none-eabi/lib/thumb/v7e-m+fp/hard/libc_nano.a(libc_a-findfp.o)
                0x000000000800edc4                __sinit
 .text.sulp     0x000000000800edf4       0x38 /Applications/STM32CubeIDE.app/Contents/Eclipse/plugins/com.st.stm32cube.ide.mcu.externaltools.gnu-tools-for-stm32.11.3.rel1.macos64_1.1.0.202305231506/tools/bin/../lib/gcc/arm-none-eabi/11.3.1/../../../../arm-none-eabi/lib/thumb/v7e-m+fp/hard/libc_nano.a(libc_a-strtod.o)
 *fill*         0x000000000800ee2c        0x4 
 .text._strtod_l
                0x000000000800ee30      0xbe0 /Applications/STM32CubeIDE.app/Contents/Eclipse/plugins/com.st.stm32cube.ide.mcu.externaltools.gnu-tools-for-stm32.11.3.rel1.macos64_1.1.0.202305231506/tools/bin/../lib/gcc/arm-none-eabi/11.3.1/../../../../arm-none-eabi/lib/thumb/v7e-m+fp/hard/libc_nano.a(libc_a-strtod.o)
                0x000000000800ee30                _strtod_l
 .text._strtod_r
                0x000000000800fa10        0xc /Applications/STM32CubeIDE.app/Contents/Eclipse/plugins/com.st.stm32cube.ide.mcu.externaltools.gnu-tools-for-stm32.11.3.rel1.macos64_1.1.0.202305231506/tools/bin/../lib/gcc/arm-none-eabi/11.3.1/../../../../arm-none-eabi/lib/thumb/v7e-m+fp/hard/libc_nano.a(libc_a-strtod.o)
                0x000000000800fa10                _strtod_r
 .text._strtol_l.constprop.0
                0x000000000800fa1c      0x104 /Applications/STM32CubeIDE.app/Contents/Eclipse/plugins/com.st.stm32cube.ide.mcu.externaltools.gnu-tools-for-stm32.11.3.rel1.macos64_1.1.0.202305231506/tools/bin/../lib/gcc/arm-none-eabi/11.3.1/../../../../arm-none-eabi/lib/thumb/v7e-m+fp/hard/libc_nano.a(libc_a-strtol.o)
 .text._strtol_r
                0x000000000800fb20        0x4 /Applications/STM32CubeIDE.app/Contents/Eclipse/plugins/com.st.stm32cube.ide.mcu.externaltools.gnu-tools-for-stm32.11.3.rel1.macos64_1.1.0.202305231506/tools/bin/../lib/gcc/arm-none-eabi/11.3.1/../../../../arm-none-eabi/lib/thumb/v7e-m+fp/hard/libc_nano.a(libc_a-strtol.o)
                0x000000000800fb20                _strtol_r
 .text.strtol   0x000000000800fb24       0x14 /Applications/STM32CubeIDE.app/Contents/Eclipse/plugins/com.st.stm32cube.ide.mcu.externaltools.gnu-tools-for-stm32.11.3.rel1.macos64_1.1.0.202305231506/tools/bin/../lib/gcc/arm-none-eabi/11.3.1/../../../../arm-none-eabi/lib/thumb/v7e-m+fp/hard/libc_nano.a(libc_a-strtol.o)
                0x000000000800fb24                strtol
 .text._fwalk_sglue
                0x000000000800fb38       0x3c /Applications/STM32CubeIDE.app/Contents/Eclipse/plugins/com.st.stm32cube.ide.mcu.externaltools.gnu-tools-for-stm32.11.3.rel1.macos64_1.1.0.202305231506/tools/bin/../lib/gcc/arm-none-eabi/11.3.1/../../../../arm-none-eabi/lib/thumb/v7e-m+fp/hard/libc_nano.a(libc_a-fwalk.o)
                0x000000000800fb38                _fwalk_sglue
 .text.strncmp  0x000000000800fb74       0x24 /Applications/STM32CubeIDE.app/Contents/Eclipse/plugins/com.st.stm32cube.ide.mcu.externaltools.gnu-tools-for-stm32.11.3.rel1.macos64_1.1.0.202305231506/tools/bin/../lib/gcc/arm-none-eabi/11.3.1/../../../../arm-none-eabi/lib/thumb/v7e-m+fp/hard/libc_nano.a(libc_a-strncmp.o)
                0x000000000800fb74                strncmp
 .text.memset   0x000000000800fb98       0x10 /Applications/STM32CubeIDE.app/Contents/Eclipse/plugins/com.st.stm32cube.ide.mcu.externaltools.gnu-tools-for-stm32.11.3.rel1.macos64_1.1.0.202305231506/tools/bin/../lib/gcc/arm-none-eabi/11.3.1/../../../../arm-none-eabi/lib/thumb/v7e-m+fp/hard/libc_nano.a(libc_a-memset.o)
                0x000000000800fb98                memset
 .text._localeconv_r
                0x000000000800fba8        0x8 /Applications/STM32CubeIDE.app/Contents/Eclipse/plugins/com.st.stm32cube.ide.mcu.externaltools.gnu-tools-for-stm32.11.3.rel1.macos64_1.1.0.202305231506/tools/bin/../lib/gcc/arm-none-eabi/11.3.1/../../../../arm-none-eabi/lib/thumb/v7e-m+fp/hard/libc_nano.a(libc_a-localeconv.o)
                0x000000000800fba8                _localeconv_r
 .text.__errno  0x000000000800fbb0        0xc /Applications/STM32CubeIDE.app/Contents/Eclipse/plugins/com.st.stm32cube.ide.mcu.externaltools.gnu-tools-for-stm32.11.3.rel1.macos64_1.1.0.202305231506/tools/bin/../lib/gcc/arm-none-eabi/11.3.1/../../../../arm-none-eabi/lib/thumb/v7e-m+fp/hard/libc_nano.a(libc_a-errno.o)
                0x000000000800fbb0                __errno
 .text.__libc_init_array
                0x000000000800fbbc       0x48 /Applications/STM32CubeIDE.app/Contents/Eclipse/plugins/com.st.stm32cube.ide.mcu.externaltools.gnu-tools-for-stm32.11.3.rel1.macos64_1.1.0.202305231506/tools/bin/../lib/gcc/arm-none-eabi/11.3.1/../../../../arm-none-eabi/lib/thumb/v7e-m+fp/hard/libc_nano.a(libc_a-init.o)
                0x000000000800fbbc                __libc_init_array
 .text.__retarget_lock_acquire_recursive
                0x000000000800fc04        0x2 /Applications/STM32CubeIDE.app/Contents/Eclipse/plugins/com.st.stm32cube.ide.mcu.externaltools.gnu-tools-for-stm32.11.3.rel1.macos64_1.1.0.202305231506/tools/bin/../lib/gcc/arm-none-eabi/11.3.1/../../../../arm-none-eabi/lib/thumb/v7e-m+fp/hard/libc_nano.a(libc_a-lock.o)
                0x000000000800fc04                __retarget_lock_acquire_recursive
 .text.__retarget_lock_release_recursive
                0x000000000800fc06        0x2 /Applications/STM32CubeIDE.app/Contents/Eclipse/plugins/com.st.stm32cube.ide.mcu.externaltools.gnu-tools-for-stm32.11.3.rel1.macos64_1.1.0.202305231506/tools/bin/../lib/gcc/arm-none-eabi/11.3.1/../../../../arm-none-eabi/lib/thumb/v7e-m+fp/hard/libc_nano.a(libc_a-lock.o)
                0x000000000800fc06                __retarget_lock_release_recursive
 .text.memcpy   0x000000000800fc08       0x1c /Applications/STM32CubeIDE.app/Contents/Eclipse/plugins/com.st.stm32cube.ide.mcu.externaltools.gnu-tools-for-stm32.11.3.rel1.macos64_1.1.0.202305231506/tools/bin/../lib/gcc/arm-none-eabi/11.3.1/../../../../arm-none-eabi/lib/thumb/v7e-m+fp/hard/libc_nano.a(libc_a-memcpy-stub.o)
                0x000000000800fc08                memcpy
 *fill*         0x000000000800fc24        0x4 
 .text.nan      0x000000000800fc28       0x10 /Applications/STM32CubeIDE.app/Contents/Eclipse/plugins/com.st.stm32cube.ide.mcu.externaltools.gnu-tools-for-stm32.11.3.rel1.macos64_1.1.0.202305231506/tools/bin/../lib/gcc/arm-none-eabi/11.3.1/../../../../arm-none-eabi/lib/thumb/v7e-m+fp/hard/libc_nano.a(libm_a-s_nan.o)
                0x000000000800fc28                nan
 .text.nanf     0x000000000800fc38        0xc /Applications/STM32CubeIDE.app/Contents/Eclipse/plugins/com.st.stm32cube.ide.mcu.externaltools.gnu-tools-for-stm32.11.3.rel1.macos64_1.1.0.202305231506/tools/bin/../lib/gcc/arm-none-eabi/11.3.1/../../../../arm-none-eabi/lib/thumb/v7e-m+fp/hard/libc_nano.a(libm_a-sf_nan.o)
                0x000000000800fc38                nanf
 .text.quorem   0x000000000800fc44      0x110 /Applications/STM32CubeIDE.app/Contents/Eclipse/plugins/com.st.stm32cube.ide.mcu.externaltools.gnu-tools-for-stm32.11.3.rel1.macos64_1.1.0.202305231506/tools/bin/../lib/gcc/arm-none-eabi/11.3.1/../../../../arm-none-eabi/lib/thumb/v7e-m+fp/hard/libc_nano.a(libc_a-dtoa.o)
 *fill*         0x000000000800fd54        0x4 
 .text._dtoa_r  0x000000000800fd58      0xbe4 /Applications/STM32CubeIDE.app/Contents/Eclipse/plugins/com.st.stm32cube.ide.mcu.externaltools.gnu-tools-for-stm32.11.3.rel1.macos64_1.1.0.202305231506/tools/bin/../lib/gcc/arm-none-eabi/11.3.1/../../../../arm-none-eabi/lib/thumb/v7e-m+fp/hard/libc_nano.a(libc_a-dtoa.o)
                0x000000000800fd58                _dtoa_r
 .text.rshift   0x000000000801093c       0xa4 /Applications/STM32CubeIDE.app/Contents/Eclipse/plugins/com.st.stm32cube.ide.mcu.externaltools.gnu-tools-for-stm32.11.3.rel1.macos64_1.1.0.202305231506/tools/bin/../lib/gcc/arm-none-eabi/11.3.1/../../../../arm-none-eabi/lib/thumb/v7e-m+fp/hard/libc_nano.a(libc_a-gdtoa-gethex.o)
 .text.__hexdig_fun
                0x00000000080109e0       0x2a /Applications/STM32CubeIDE.app/Contents/Eclipse/plugins/com.st.stm32cube.ide.mcu.externaltools.gnu-tools-for-stm32.11.3.rel1.macos64_1.1.0.202305231506/tools/bin/../lib/gcc/arm-none-eabi/11.3.1/../../../../arm-none-eabi/lib/thumb/v7e-m+fp/hard/libc_nano.a(libc_a-gdtoa-gethex.o)
                0x00000000080109e0                __hexdig_fun
 *fill*         0x0000000008010a0a        0x2 
 .text.__gethex
                0x0000000008010a0c      0x45c /Applications/STM32CubeIDE.app/Contents/Eclipse/plugins/com.st.stm32cube.ide.mcu.externaltools.gnu-tools-for-stm32.11.3.rel1.macos64_1.1.0.202305231506/tools/bin/../lib/gcc/arm-none-eabi/11.3.1/../../../../arm-none-eabi/lib/thumb/v7e-m+fp/hard/libc_nano.a(libc_a-gdtoa-gethex.o)
                0x0000000008010a0c                __gethex
 .text.L_shift  0x0000000008010e68       0x24 /Applications/STM32CubeIDE.app/Contents/Eclipse/plugins/com.st.stm32cube.ide.mcu.externaltools.gnu-tools-for-stm32.11.3.rel1.macos64_1.1.0.202305231506/tools/bin/../lib/gcc/arm-none-eabi/11.3.1/../../../../arm-none-eabi/lib/thumb/v7e-m+fp/hard/libc_nano.a(libc_a-gdtoa-hexnan.o)
 .text.__match  0x0000000008010e8c       0x28 /Applications/STM32CubeIDE.app/Contents/Eclipse/plugins/com.st.stm32cube.ide.mcu.externaltools.gnu-tools-for-stm32.11.3.rel1.macos64_1.1.0.202305231506/tools/bin/../lib/gcc/arm-none-eabi/11.3.1/../../../../arm-none-eabi/lib/thumb/v7e-m+fp/hard/libc_nano.a(libc_a-gdtoa-hexnan.o)
                0x0000000008010e8c                __match
 .text.__hexnan
                0x0000000008010eb4      0x136 /Applications/STM32CubeIDE.app/Contents/Eclipse/plugins/com.st.stm32cube.ide.mcu.externaltools.gnu-tools-for-stm32.11.3.rel1.macos64_1.1.0.202305231506/tools/bin/../lib/gcc/arm-none-eabi/11.3.1/../../../../arm-none-eabi/lib/thumb/v7e-m+fp/hard/libc_nano.a(libc_a-gdtoa-hexnan.o)
                0x0000000008010eb4                __hexnan
 .text.__ssputs_r
                0x0000000008010fea       0xb4 /Applications/STM32CubeIDE.app/Contents/Eclipse/plugins/com.st.stm32cube.ide.mcu.externaltools.gnu-tools-for-stm32.11.3.rel1.macos64_1.1.0.202305231506/tools/bin/../lib/gcc/arm-none-eabi/11.3.1/../../../../arm-none-eabi/lib/thumb/v7e-m+fp/hard/libc_nano.a(libc_a-nano-svfprintf.o)
                0x0000000008010fea                __ssputs_r
 *fill*         0x000000000801109e        0x2 
 .text._svfprintf_r
                0x00000000080110a0      0x1fc /Applications/STM32CubeIDE.app/Contents/Eclipse/plugins/com.st.stm32cube.ide.mcu.externaltools.gnu-tools-for-stm32.11.3.rel1.macos64_1.1.0.202305231506/tools/bin/../lib/gcc/arm-none-eabi/11.3.1/../../../../arm-none-eabi/lib/thumb/v7e-m+fp/hard/libc_nano.a(libc_a-nano-svfprintf.o)
                0x00000000080110a0                _svfprintf_r
                0x00000000080110a0                _svfiprintf_r
 .text.malloc   0x000000000801129c       0x10 /Applications/STM32CubeIDE.app/Contents/Eclipse/plugins/com.st.stm32cube.ide.mcu.externaltools.gnu-tools-for-stm32.11.3.rel1.macos64_1.1.0.202305231506/tools/bin/../lib/gcc/arm-none-eabi/11.3.1/../../../../arm-none-eabi/lib/thumb/v7e-m+fp/hard/libc_nano.a(libc_a-malloc.o)
                0x000000000801129c                malloc
 .text.sbrk_aligned
                0x00000000080112ac       0x40 /Applications/STM32CubeIDE.app/Contents/Eclipse/plugins/com.st.stm32cube.ide.mcu.externaltools.gnu-tools-for-stm32.11.3.rel1.macos64_1.1.0.202305231506/tools/bin/../lib/gcc/arm-none-eabi/11.3.1/../../../../arm-none-eabi/lib/thumb/v7e-m+fp/hard/libc_nano.a(libc_a-mallocr.o)
 .text._malloc_r
                0x00000000080112ec      0x100 /Applications/STM32CubeIDE.app/Contents/Eclipse/plugins/com.st.stm32cube.ide.mcu.externaltools.gnu-tools-for-stm32.11.3.rel1.macos64_1.1.0.202305231506/tools/bin/../lib/gcc/arm-none-eabi/11.3.1/../../../../arm-none-eabi/lib/thumb/v7e-m+fp/hard/libc_nano.a(libc_a-mallocr.o)
                0x00000000080112ec                _malloc_r
 .text.__ascii_mbtowc
                0x00000000080113ec       0x24 /Applications/STM32CubeIDE.app/Contents/Eclipse/plugins/com.st.stm32cube.ide.mcu.externaltools.gnu-tools-for-stm32.11.3.rel1.macos64_1.1.0.202305231506/tools/bin/../lib/gcc/arm-none-eabi/11.3.1/../../../../arm-none-eabi/lib/thumb/v7e-m+fp/hard/libc_nano.a(libc_a-mbtowc_r.o)
                0x00000000080113ec                __ascii_mbtowc
 .text.__sflush_r
                0x0000000008011410      0x10c /Applications/STM32CubeIDE.app/Contents/Eclipse/plugins/com.st.stm32cube.ide.mcu.externaltools.gnu-tools-for-stm32.11.3.rel1.macos64_1.1.0.202305231506/tools/bin/../lib/gcc/arm-none-eabi/11.3.1/../../../../arm-none-eabi/lib/thumb/v7e-m+fp/hard/libc_nano.a(libc_a-fflush.o)
                0x0000000008011410                __sflush_r
 .text._fflush_r
                0x000000000801151c       0x50 /Applications/STM32CubeIDE.app/Contents/Eclipse/plugins/com.st.stm32cube.ide.mcu.externaltools.gnu-tools-for-stm32.11.3.rel1.macos64_1.1.0.202305231506/tools/bin/../lib/gcc/arm-none-eabi/11.3.1/../../../../arm-none-eabi/lib/thumb/v7e-m+fp/hard/libc_nano.a(libc_a-fflush.o)
                0x000000000801151c                _fflush_r
 .text.__malloc_lock
                0x000000000801156c        0xc /Applications/STM32CubeIDE.app/Contents/Eclipse/plugins/com.st.stm32cube.ide.mcu.externaltools.gnu-tools-for-stm32.11.3.rel1.macos64_1.1.0.202305231506/tools/bin/../lib/gcc/arm-none-eabi/11.3.1/../../../../arm-none-eabi/lib/thumb/v7e-m+fp/hard/libc_nano.a(libc_a-mlock.o)
                0x000000000801156c                __malloc_lock
 .text.__malloc_unlock
                0x0000000008011578        0xc /Applications/STM32CubeIDE.app/Contents/Eclipse/plugins/com.st.stm32cube.ide.mcu.externaltools.gnu-tools-for-stm32.11.3.rel1.macos64_1.1.0.202305231506/tools/bin/../lib/gcc/arm-none-eabi/11.3.1/../../../../arm-none-eabi/lib/thumb/v7e-m+fp/hard/libc_nano.a(libc_a-mlock.o)
                0x0000000008011578                __malloc_unlock
 .text._Balloc  0x0000000008011584       0x80 /Applications/STM32CubeIDE.app/Contents/Eclipse/plugins/com.st.stm32cube.ide.mcu.externaltools.gnu-tools-for-stm32.11.3.rel1.macos64_1.1.0.202305231506/tools/bin/../lib/gcc/arm-none-eabi/11.3.1/../../../../arm-none-eabi/lib/thumb/v7e-m+fp/hard/libc_nano.a(libc_a-mprec.o)
                0x0000000008011584                _Balloc
 .text._Bfree   0x0000000008011604       0x44 /Applications/STM32CubeIDE.app/Contents/Eclipse/plugins/com.st.stm32cube.ide.mcu.externaltools.gnu-tools-for-stm32.11.3.rel1.macos64_1.1.0.202305231506/tools/bin/../lib/gcc/arm-none-eabi/11.3.1/../../../../arm-none-eabi/lib/thumb/v7e-m+fp/hard/libc_nano.a(libc_a-mprec.o)
                0x0000000008011604                _Bfree
 .text.__multadd
                0x0000000008011648       0x8c /Applications/STM32CubeIDE.app/Contents/Eclipse/plugins/com.st.stm32cube.ide.mcu.externaltools.gnu-tools-for-stm32.11.3.rel1.macos64_1.1.0.202305231506/tools/bin/../lib/gcc/arm-none-eabi/11.3.1/../../../../arm-none-eabi/lib/thumb/v7e-m+fp/hard/libc_nano.a(libc_a-mprec.o)
                0x0000000008011648                __multadd
 .text.__s2b    0x00000000080116d4       0x94 /Applications/STM32CubeIDE.app/Contents/Eclipse/plugins/com.st.stm32cube.ide.mcu.externaltools.gnu-tools-for-stm32.11.3.rel1.macos64_1.1.0.202305231506/tools/bin/../lib/gcc/arm-none-eabi/11.3.1/../../../../arm-none-eabi/lib/thumb/v7e-m+fp/hard/libc_nano.a(libc_a-mprec.o)
                0x00000000080116d4                __s2b
 .text.__hi0bits
                0x0000000008011768       0x40 /Applications/STM32CubeIDE.app/Contents/Eclipse/plugins/com.st.stm32cube.ide.mcu.externaltools.gnu-tools-for-stm32.11.3.rel1.macos64_1.1.0.202305231506/tools/bin/../lib/gcc/arm-none-eabi/11.3.1/../../../../arm-none-eabi/lib/thumb/v7e-m+fp/hard/libc_nano.a(libc_a-mprec.o)
                0x0000000008011768                __hi0bits
 .text.__lo0bits
                0x00000000080117a8       0x5a /Applications/STM32CubeIDE.app/Contents/Eclipse/plugins/com.st.stm32cube.ide.mcu.externaltools.gnu-tools-for-stm32.11.3.rel1.macos64_1.1.0.202305231506/tools/bin/../lib/gcc/arm-none-eabi/11.3.1/../../../../arm-none-eabi/lib/thumb/v7e-m+fp/hard/libc_nano.a(libc_a-mprec.o)
                0x00000000080117a8                __lo0bits
 *fill*         0x0000000008011802        0x2 
 .text.__i2b    0x0000000008011804       0x2c /Applications/STM32CubeIDE.app/Contents/Eclipse/plugins/com.st.stm32cube.ide.mcu.externaltools.gnu-tools-for-stm32.11.3.rel1.macos64_1.1.0.202305231506/tools/bin/../lib/gcc/arm-none-eabi/11.3.1/../../../../arm-none-eabi/lib/thumb/v7e-m+fp/hard/libc_nano.a(libc_a-mprec.o)
                0x0000000008011804                __i2b
 .text.__multiply
                0x0000000008011830      0x154 /Applications/STM32CubeIDE.app/Contents/Eclipse/plugins/com.st.stm32cube.ide.mcu.externaltools.gnu-tools-for-stm32.11.3.rel1.macos64_1.1.0.202305231506/tools/bin/../lib/gcc/arm-none-eabi/11.3.1/../../../../arm-none-eabi/lib/thumb/v7e-m+fp/hard/libc_nano.a(libc_a-mprec.o)
                0x0000000008011830                __multiply
 .text.__pow5mult
                0x0000000008011984       0xb4 /Applications/STM32CubeIDE.app/Contents/Eclipse/plugins/com.st.stm32cube.ide.mcu.externaltools.gnu-tools-for-stm32.11.3.rel1.macos64_1.1.0.202305231506/tools/bin/../lib/gcc/arm-none-eabi/11.3.1/../../../../arm-none-eabi/lib/thumb/v7e-m+fp/hard/libc_nano.a(libc_a-mprec.o)
                0x0000000008011984                __pow5mult
 .text.__lshift
                0x0000000008011a38       0xd8 /Applications/STM32CubeIDE.app/Contents/Eclipse/plugins/com.st.stm32cube.ide.mcu.externaltools.gnu-tools-for-stm32.11.3.rel1.macos64_1.1.0.202305231506/tools/bin/../lib/gcc/arm-none-eabi/11.3.1/../../../../arm-none-eabi/lib/thumb/v7e-m+fp/hard/libc_nano.a(libc_a-mprec.o)
                0x0000000008011a38                __lshift
 .text.__mcmp   0x0000000008011b10       0x38 /Applications/STM32CubeIDE.app/Contents/Eclipse/plugins/com.st.stm32cube.ide.mcu.externaltools.gnu-tools-for-stm32.11.3.rel1.macos64_1.1.0.202305231506/tools/bin/../lib/gcc/arm-none-eabi/11.3.1/../../../../arm-none-eabi/lib/thumb/v7e-m+fp/hard/libc_nano.a(libc_a-mprec.o)
                0x0000000008011b10                __mcmp
 .text.__mdiff  0x0000000008011b48      0x114 /Applications/STM32CubeIDE.app/Contents/Eclipse/plugins/com.st.stm32cube.ide.mcu.externaltools.gnu-tools-for-stm32.11.3.rel1.macos64_1.1.0.202305231506/tools/bin/../lib/gcc/arm-none-eabi/11.3.1/../../../../arm-none-eabi/lib/thumb/v7e-m+fp/hard/libc_nano.a(libc_a-mprec.o)
                0x0000000008011b48                __mdiff
 .text.__ulp    0x0000000008011c5c       0x4c /Applications/STM32CubeIDE.app/Contents/Eclipse/plugins/com.st.stm32cube.ide.mcu.externaltools.gnu-tools-for-stm32.11.3.rel1.macos64_1.1.0.202305231506/tools/bin/../lib/gcc/arm-none-eabi/11.3.1/../../../../arm-none-eabi/lib/thumb/v7e-m+fp/hard/libc_nano.a(libc_a-mprec.o)
                0x0000000008011c5c                __ulp
 .text.__b2d    0x0000000008011ca8       0x94 /Applications/STM32CubeIDE.app/Contents/Eclipse/plugins/com.st.stm32cube.ide.mcu.externaltools.gnu-tools-for-stm32.11.3.rel1.macos64_1.1.0.202305231506/tools/bin/../lib/gcc/arm-none-eabi/11.3.1/../../../../arm-none-eabi/lib/thumb/v7e-m+fp/hard/libc_nano.a(libc_a-mprec.o)
                0x0000000008011ca8                __b2d
 .text.__d2b    0x0000000008011d3c       0xb4 /Applications/STM32CubeIDE.app/Contents/Eclipse/plugins/com.st.stm32cube.ide.mcu.externaltools.gnu-tools-for-stm32.11.3.rel1.macos64_1.1.0.202305231506/tools/bin/../lib/gcc/arm-none-eabi/11.3.1/../../../../arm-none-eabi/lib/thumb/v7e-m+fp/hard/libc_nano.a(libc_a-mprec.o)
                0x0000000008011d3c                __d2b
 .text.__ratio  0x0000000008011df0       0x66 /Applications/STM32CubeIDE.app/Contents/Eclipse/plugins/com.st.stm32cube.ide.mcu.externaltools.gnu-tools-for-stm32.11.3.rel1.macos64_1.1.0.202305231506/tools/bin/../lib/gcc/arm-none-eabi/11.3.1/../../../../arm-none-eabi/lib/thumb/v7e-m+fp/hard/libc_nano.a(libc_a-mprec.o)
                0x0000000008011df0                __ratio
 .text.__copybits
                0x0000000008011e56       0x46 /Applications/STM32CubeIDE.app/Contents/Eclipse/plugins/com.st.stm32cube.ide.mcu.externaltools.gnu-tools-for-stm32.11.3.rel1.macos64_1.1.0.202305231506/tools/bin/../lib/gcc/arm-none-eabi/11.3.1/../../../../arm-none-eabi/lib/thumb/v7e-m+fp/hard/libc_nano.a(libc_a-mprec.o)
                0x0000000008011e56                __copybits
 .text.__any_on
                0x0000000008011e9c       0x42 /Applications/STM32CubeIDE.app/Contents/Eclipse/plugins/com.st.stm32cube.ide.mcu.externaltools.gnu-tools-for-stm32.11.3.rel1.macos64_1.1.0.202305231506/tools/bin/../lib/gcc/arm-none-eabi/11.3.1/../../../../arm-none-eabi/lib/thumb/v7e-m+fp/hard/libc_nano.a(libc_a-mprec.o)
                0x0000000008011e9c                __any_on
 .text.__sread  0x0000000008011ede       0x22 /Applications/STM32CubeIDE.app/Contents/Eclipse/plugins/com.st.stm32cube.ide.mcu.externaltools.gnu-tools-for-stm32.11.3.rel1.macos64_1.1.0.202305231506/tools/bin/../lib/gcc/arm-none-eabi/11.3.1/../../../../arm-none-eabi/lib/thumb/v7e-m+fp/hard/libc_nano.a(libc_a-stdio.o)
                0x0000000008011ede                __sread
 .text.__swrite
                0x0000000008011f00       0x38 /Applications/STM32CubeIDE.app/Contents/Eclipse/plugins/com.st.stm32cube.ide.mcu.externaltools.gnu-tools-for-stm32.11.3.rel1.macos64_1.1.0.202305231506/tools/bin/../lib/gcc/arm-none-eabi/11.3.1/../../../../arm-none-eabi/lib/thumb/v7e-m+fp/hard/libc_nano.a(libc_a-stdio.o)
                0x0000000008011f00                __swrite
 .text.__sseek  0x0000000008011f38       0x24 /Applications/STM32CubeIDE.app/Contents/Eclipse/plugins/com.st.stm32cube.ide.mcu.externaltools.gnu-tools-for-stm32.11.3.rel1.macos64_1.1.0.202305231506/tools/bin/../lib/gcc/arm-none-eabi/11.3.1/../../../../arm-none-eabi/lib/thumb/v7e-m+fp/hard/libc_nano.a(libc_a-stdio.o)
                0x0000000008011f38                __sseek
 .text.__sclose
                0x0000000008011f5c        0x8 /Applications/STM32CubeIDE.app/Contents/Eclipse/plugins/com.st.stm32cube.ide.mcu.externaltools.gnu-tools-for-stm32.11.3.rel1.macos64_1.1.0.202305231506/tools/bin/../lib/gcc/arm-none-eabi/11.3.1/../../../../arm-none-eabi/lib/thumb/v7e-m+fp/hard/libc_nano.a(libc_a-stdio.o)
                0x0000000008011f5c                __sclose
 .text._realloc_r
                0x0000000008011f64       0x5e /Applications/STM32CubeIDE.app/Contents/Eclipse/plugins/com.st.stm32cube.ide.mcu.externaltools.gnu-tools-for-stm32.11.3.rel1.macos64_1.1.0.202305231506/tools/bin/../lib/gcc/arm-none-eabi/11.3.1/../../../../arm-none-eabi/lib/thumb/v7e-m+fp/hard/libc_nano.a(libc_a-reallocr.o)
                0x0000000008011f64                _realloc_r
 .text.__ascii_wctomb
                0x0000000008011fc2       0x1a /Applications/STM32CubeIDE.app/Contents/Eclipse/plugins/com.st.stm32cube.ide.mcu.externaltools.gnu-tools-for-stm32.11.3.rel1.macos64_1.1.0.202305231506/tools/bin/../lib/gcc/arm-none-eabi/11.3.1/../../../../arm-none-eabi/lib/thumb/v7e-m+fp/hard/libc_nano.a(libc_a-wctomb_r.o)
                0x0000000008011fc2                __ascii_wctomb
 .text.memmove  0x0000000008011fdc       0x34 /Applications/STM32CubeIDE.app/Contents/Eclipse/plugins/com.st.stm32cube.ide.mcu.externaltools.gnu-tools-for-stm32.11.3.rel1.macos64_1.1.0.202305231506/tools/bin/../lib/gcc/arm-none-eabi/11.3.1/../../../../arm-none-eabi/lib/thumb/v7e-m+fp/hard/libc_nano.a(libc_a-memmove.o)
                0x0000000008011fdc                memmove
 .text._close_r
                0x0000000008012010       0x20 /Applications/STM32CubeIDE.app/Contents/Eclipse/plugins/com.st.stm32cube.ide.mcu.externaltools.gnu-tools-for-stm32.11.3.rel1.macos64_1.1.0.202305231506/tools/bin/../lib/gcc/arm-none-eabi/11.3.1/../../../../arm-none-eabi/lib/thumb/v7e-m+fp/hard/libc_nano.a(libc_a-closer.o)
                0x0000000008012010                _close_r
 .text._lseek_r
                0x0000000008012030       0x24 /Applications/STM32CubeIDE.app/Contents/Eclipse/plugins/com.st.stm32cube.ide.mcu.externaltools.gnu-tools-for-stm32.11.3.rel1.macos64_1.1.0.202305231506/tools/bin/../lib/gcc/arm-none-eabi/11.3.1/../../../../arm-none-eabi/lib/thumb/v7e-m+fp/hard/libc_nano.a(libc_a-lseekr.o)
                0x0000000008012030                _lseek_r
 .text._read_r  0x0000000008012054       0x24 /Applications/STM32CubeIDE.app/Contents/Eclipse/plugins/com.st.stm32cube.ide.mcu.externaltools.gnu-tools-for-stm32.11.3.rel1.macos64_1.1.0.202305231506/tools/bin/../lib/gcc/arm-none-eabi/11.3.1/../../../../arm-none-eabi/lib/thumb/v7e-m+fp/hard/libc_nano.a(libc_a-readr.o)
                0x0000000008012054                _read_r
 .text._sbrk_r  0x0000000008012078       0x20 /Applications/STM32CubeIDE.app/Contents/Eclipse/plugins/com.st.stm32cube.ide.mcu.externaltools.gnu-tools-for-stm32.11.3.rel1.macos64_1.1.0.202305231506/tools/bin/../lib/gcc/arm-none-eabi/11.3.1/../../../../arm-none-eabi/lib/thumb/v7e-m+fp/hard/libc_nano.a(libc_a-sbrkr.o)
                0x0000000008012078                _sbrk_r
 .text._write_r
                0x0000000008012098       0x24 /Applications/STM32CubeIDE.app/Contents/Eclipse/plugins/com.st.stm32cube.ide.mcu.externaltools.gnu-tools-for-stm32.11.3.rel1.macos64_1.1.0.202305231506/tools/bin/../lib/gcc/arm-none-eabi/11.3.1/../../../../arm-none-eabi/lib/thumb/v7e-m+fp/hard/libc_nano.a(libc_a-writer.o)
                0x0000000008012098                _write_r
 .text.__assert_func
                0x00000000080120bc       0x3c /Applications/STM32CubeIDE.app/Contents/Eclipse/plugins/com.st.stm32cube.ide.mcu.externaltools.gnu-tools-for-stm32.11.3.rel1.macos64_1.1.0.202305231506/tools/bin/../lib/gcc/arm-none-eabi/11.3.1/../../../../arm-none-eabi/lib/thumb/v7e-m+fp/hard/libc_nano.a(libc_a-assert.o)
                0x00000000080120bc                __assert_func
 .text._calloc_r
                0x00000000080120f8       0x2c /Applications/STM32CubeIDE.app/Contents/Eclipse/plugins/com.st.stm32cube.ide.mcu.externaltools.gnu-tools-for-stm32.11.3.rel1.macos64_1.1.0.202305231506/tools/bin/../lib/gcc/arm-none-eabi/11.3.1/../../../../arm-none-eabi/lib/thumb/v7e-m+fp/hard/libc_nano.a(libc_a-callocr.o)
                0x00000000080120f8                _calloc_r
 .text._free_r  0x0000000008012124       0x98 /Applications/STM32CubeIDE.app/Contents/Eclipse/plugins/com.st.stm32cube.ide.mcu.externaltools.gnu-tools-for-stm32.11.3.rel1.macos64_1.1.0.202305231506/tools/bin/../lib/gcc/arm-none-eabi/11.3.1/../../../../arm-none-eabi/lib/thumb/v7e-m+fp/hard/libc_nano.a(libc_a-freer.o)
                0x0000000008012124                _free_r
 .text._malloc_usable_size_r
                0x00000000080121bc       0x10 /Applications/STM32CubeIDE.app/Contents/Eclipse/plugins/com.st.stm32cube.ide.mcu.externaltools.gnu-tools-for-stm32.11.3.rel1.macos64_1.1.0.202305231506/tools/bin/../lib/gcc/arm-none-eabi/11.3.1/../../../../arm-none-eabi/lib/thumb/v7e-m+fp/hard/libc_nano.a(libc_a-msizer.o)
                0x00000000080121bc                _malloc_usable_size_r
 .text.fprintf  0x00000000080121cc       0x24 /Applications/STM32CubeIDE.app/Contents/Eclipse/plugins/com.st.stm32cube.ide.mcu.externaltools.gnu-tools-for-stm32.11.3.rel1.macos64_1.1.0.202305231506/tools/bin/../lib/gcc/arm-none-eabi/11.3.1/../../../../arm-none-eabi/lib/thumb/v7e-m+fp/hard/libc_nano.a(libc_a-fprintf.o)
                0x00000000080121cc                fprintf
                0x00000000080121cc                fiprintf
 .text.abort    0x00000000080121f0        0xe /Applications/STM32CubeIDE.app/Contents/Eclipse/plugins/com.st.stm32cube.ide.mcu.externaltools.gnu-tools-for-stm32.11.3.rel1.macos64_1.1.0.202305231506/tools/bin/../lib/gcc/arm-none-eabi/11.3.1/../../../../arm-none-eabi/lib/thumb/v7e-m+fp/hard/libc_nano.a(libc_a-abort.o)
                0x00000000080121f0                abort
 .text.__sfputc_r
                0x00000000080121fe       0x2e /Applications/STM32CubeIDE.app/Contents/Eclipse/plugins/com.st.stm32cube.ide.mcu.externaltools.gnu-tools-for-stm32.11.3.rel1.macos64_1.1.0.202305231506/tools/bin/../lib/gcc/arm-none-eabi/11.3.1/../../../../arm-none-eabi/lib/thumb/v7e-m+fp/hard/libc_nano.a(libc_a-nano-vfprintf.o)
 .text.__sfputs_r
                0x000000000801222c       0x24 /Applications/STM32CubeIDE.app/Contents/Eclipse/plugins/com.st.stm32cube.ide.mcu.externaltools.gnu-tools-for-stm32.11.3.rel1.macos64_1.1.0.202305231506/tools/bin/../lib/gcc/arm-none-eabi/11.3.1/../../../../arm-none-eabi/lib/thumb/v7e-m+fp/hard/libc_nano.a(libc_a-nano-vfprintf.o)
                0x000000000801222c                __sfputs_r
 .text._vfprintf_r