../Core/Src/BlackBox.c:51:6:UART_Transmit_Messages_BlackBox	16	static
../Core/Src/BlackBox.c:58:6:file_exists	48	static
../Core/Src/BlackBox.c:66:5:buf_size	24	static
../Core/Src/BlackBox.c:73:6:buf_clear	16	static
../Core/Src/BlackBox.c:80:6:mount_sd_card	8	static
../Core/Src/BlackBox.c:92:5:mount_sd_card_plus	4152	static
../Core/Src/BlackBox.c:116:6:check_free_space	16	static
../Core/Src/BlackBox.c:138:6:create_file	120	static
../Core/Src/BlackBox.c:152:6:append_data_to_file	24	static
../Core/Src/BlackBox.c:191:6:read_file	16	static
../Core/Src/BlackBox.c:217:6:unmount_sd_card	8	static
