../Core/Src/BlackBox.c:28:6:UART_Transmit_Messages_BlackBox	16	static
../Core/Src/BlackBox.c:35:6:file_exists	304	static
../Core/Src/BlackBox.c:43:5:buf_size	24	static
../Core/Src/BlackBox.c:50:6:buf_clear	16	static
../Core/Src/BlackBox.c:57:6:mount_sd_card	8	static
../Core/Src/BlackBox.c:67:6:check_free_space	16	static
../Core/Src/BlackBox.c:87:6:create_file	16	static
../Core/Src/BlackBox.c:99:6:append_data_to_file	24	static
../Core/Src/BlackBox.c:138:6:read_file	16	static
../Core/Src/BlackBox.c:164:6:unmount_sd_card	8	static
