../Core/Src/Control_Center.c:48:6:UART_Transmit_String	16	static
../Core/Src/Control_Center.c:57:6:printIntroTitle	8	static
../Core/Src/Control_Center.c:76:6:printOptions	8	static
../Core/Src/Control_Center.c:88:9:initialization_procedure	328	static
../Core/Src/Control_Center.c:128:6:sensors_readings	352	static
../Core/Src/Control_Center.c:179:6:ekf_test	256	static
../Core/Src/Control_Center.c:223:6:send_data_to_gcs	224	static
../Core/Src/Control_Center.c:239:6:sensors_readings_graphs	104	static
../Core/Src/Control_Center.c:277:6:handleUserCommand	40	static
../Core/Src/Control_Center.c:354:10:getNumberOfIterations	32	static
../Core/Src/Control_Center.c:380:6:launch_procedure	40	static
../Core/Src/Control_Center.c:422:6:count_down_sequence_fire_test	40	static
../Core/Src/Control_Center.c:459:6:scanI2CDevices	112	static
../Core/Src/Control_Center.c:482:6:scanSingleUARTDevice	120	static
../Core/Src/Control_Center.c:505:6:lora_initialize_sender	120	static
../Core/Src/Control_Center.c:550:6:lora_initialize_receiver	120	static
../Core/Src/Control_Center.c:601:6:lora_send	8	static
../Core/Src/Control_Center.c:617:6:lora_receive	8	static
