../Core/Src/Control_Center.c:48:6:UART_Transmit_String	16	static
../Core/Src/Control_Center.c:57:6:printIntroTitle	8	static
../Core/Src/Control_Center.c:76:6:printOptions	8	static
../Core/Src/Control_Center.c:88:9:initialization_procedure	328	static
../Core/Src/Control_Center.c:128:6:sensors_readings	416	static
../Core/Src/Control_Center.c:179:6:send_data_to_gcs	224	static
../Core/Src/Control_Center.c:195:6:sensors_readings_graphs	104	static
../Core/Src/Control_Center.c:233:6:menu	32	static
../Core/Src/Control_Center.c:302:10:getNumberOfIterations	32	static
../Core/Src/Control_Center.c:328:6:launch_procedure	40	static
../Core/Src/Control_Center.c:370:6:count_down_sequence_fire_test	40	static
../Core/Src/Control_Center.c:407:6:scanI2CDevices	112	static
../Core/Src/Control_Center.c:430:6:scanSingleUARTDevice	120	static
../Core/Src/Control_Center.c:453:6:lora_initialize_sender	120	static
../Core/Src/Control_Center.c:498:6:lora_initialize_receiver	120	static
../Core/Src/Control_Center.c:549:6:lora_send	8	static
../Core/Src/Control_Center.c:565:6:lora_receive	8	static
