../Core/Src/Control_Center.c:51:6:UART_Transmit_String	16	static
../Core/Src/Control_Center.c:61:6:waitForStartCommand	16	static
../Core/Src/Control_Center.c:83:6:waitForUserInput	16	static
../Core/Src/Control_Center.c:96:6:printMenu	16	static
../Core/Src/Control_Center.c:134:6:handleUserInput	16	static
../Core/Src/Control_Center.c:179:6:printIntroTitle	8	static
../Core/Src/Control_Center.c:198:6:printOptions	8	static
../Core/Src/Control_Center.c:210:9:initialization_procedure	328	static
../Core/Src/Control_Center.c:250:6:sensors_readings	416	static
../Core/Src/Control_Center.c:308:6:send_data_to_gcs	224	static
../Core/Src/Control_Center.c:324:6:sensors_readings_graphs	104	static
../Core/Src/Control_Center.c:362:6:menu	32	static
../Core/Src/Control_Center.c:439:10:getNumberOfIterations	32	static
../Core/Src/Control_Center.c:465:6:launch_procedure	40	static
../Core/Src/Control_Center.c:507:6:count_down_sequence_fire_test	40	static
../Core/Src/Control_Center.c:544:6:scanI2CDevices	112	static
../Core/Src/Control_Center.c:567:6:scanSingleUARTDevice	120	static
../Core/Src/Control_Center.c:590:6:lora_initialize_sender	120	static
../Core/Src/Control_Center.c:635:6:lora_initialize_receiver	120	static
../Core/Src/Control_Center.c:686:6:lora_send	8	static
../Core/Src/Control_Center.c:702:6:lora_receive	8	static
