../Core/Src/Control_Center.c:51:6:UART_Transmit_String	16	static
../Core/Src/Control_Center.c:58:6:UART_Transmit_Logo	8	static
../Core/Src/Control_Center.c:103:6:waitForStartCommand	16	static
../Core/Src/Control_Center.c:125:6:waitForUserInput	16	static
../Core/Src/Control_Center.c:138:6:printMenu	16	static
../Core/Src/Control_Center.c:176:6:handleUserInput	16	static
../Core/Src/Control_Center.c:221:6:printIntroTitle	8	static
../Core/Src/Control_Center.c:237:9:initialization_procedure	328	static
../Core/Src/Control_Center.c:277:6:sensors_readings	416	static
../Core/Src/Control_Center.c:335:6:send_data_to_gcs	224	static
../Core/Src/Control_Center.c:351:6:sensors_readings_graphs	104	static
../Core/Src/Control_Center.c:389:6:menu	32	static
../Core/Src/Control_Center.c:466:10:getNumberOfIterations	32	static
../Core/Src/Control_Center.c:492:6:launch_procedure	40	static
../Core/Src/Control_Center.c:534:6:count_down_sequence_fire_test	40	static
../Core/Src/Control_Center.c:571:6:scanI2CDevices	112	static
../Core/Src/Control_Center.c:594:6:scanSingleUARTDevice	120	static
../Core/Src/Control_Center.c:617:6:lora_initialize_sender	120	static
../Core/Src/Control_Center.c:662:6:lora_initialize_receiver	120	static
../Core/Src/Control_Center.c:713:6:lora_send	8	static
../Core/Src/Control_Center.c:729:6:lora_receive	8	static
