../Core/Src/main.c:133:6:UART_Transmit_Uint8	24	static
../Core/Src/main.c:150:5:main	16	static
../Core/Src/main.c:308:6:SystemClock_Config	88	static
../Core/Src/main.c:358:13:MX_ADC3_Init	24	static
../Core/Src/main.c:410:13:MX_CRC_Init	8	static
../Core/Src/main.c:436:13:MX_I2C1_Init	8	static
../Core/Src/main.c:470:13:MX_I2C2_Init	8	static
../Core/Src/main.c:504:13:MX_RTC_Init	8	static
../Core/Src/main.c:539:13:MX_SPI1_Init	8	static
../Core/Src/main.c:577:13:MX_TIM2_Init	32	static
../Core/Src/main.c:622:13:MX_TIM3_Init	64	static
../Core/Src/main.c:689:13:MX_TIM5_Init	32	static
../Core/Src/main.c:734:13:MX_USART1_UART_Init	8	static
../Core/Src/main.c:767:13:MX_USART2_UART_Init	8	static
../Core/Src/main.c:800:13:MX_USART3_UART_Init	8	static
../Core/Src/main.c:833:13:MX_USART6_UART_Init	8	static
../Core/Src/main.c:866:13:MX_USB_OTG_FS_USB_Init	4	static
../Core/Src/main.c:887:13:MX_GPIO_Init	48	static
../Core/Src/main.c:993:6:StartCommandWaitTask	16	static
../Core/Src/main.c:1027:6:MenuTask	24	static
../Core/Src/main.c:1054:6:Error_Handler	4	static,ignoring_inline_asm
