../Core/Src/stm32f4xx_hal_msp.c:66:6:HAL_MspInit	16	static
../Core/Src/stm32f4xx_hal_msp.c:90:6:HAL_ADC_MspInit	48	static
../Core/Src/stm32f4xx_hal_msp.c:124:6:HAL_ADC_MspDeInit	16	static
../Core/Src/stm32f4xx_hal_msp.c:153:6:HAL_CRC_MspInit	24	static
../Core/Src/stm32f4xx_hal_msp.c:175:6:HAL_CRC_MspDeInit	16	static
../Core/Src/stm32f4xx_hal_msp.c:197:6:HAL_I2C_MspInit	56	static
../Core/Src/stm32f4xx_hal_msp.c:257:6:HAL_I2C_MspDeInit	16	static
../Core/Src/stm32f4xx_hal_msp.c:308:6:HAL_RTC_MspInit	32	static
../Core/Src/stm32f4xx_hal_msp.c:341:6:HAL_RTC_MspDeInit	16	static
../Core/Src/stm32f4xx_hal_msp.c:363:6:HAL_SPI_MspInit	48	static
../Core/Src/stm32f4xx_hal_msp.c:400:6:HAL_SPI_MspDeInit	16	static
../Core/Src/stm32f4xx_hal_msp.c:430:6:HAL_TIM_Base_MspInit	32	static
../Core/Src/stm32f4xx_hal_msp.c:468:6:HAL_TIM_MspPostInit	48	static
../Core/Src/stm32f4xx_hal_msp.c:510:6:HAL_TIM_Base_MspDeInit	16	static
../Core/Src/stm32f4xx_hal_msp.c:554:6:HAL_UART_MspInit	72	static
../Core/Src/stm32f4xx_hal_msp.c:670:6:HAL_UART_MspDeInit	16	static
