../Core/Src/stm32f4xx_it.c:57:6:SDTimer_Handler	4	static
../Core/Src/stm32f4xx_it.c:80:6:NMI_Handler	4	static
../Core/Src/stm32f4xx_it.c:95:6:HardFault_Handler	4	static
../Core/Src/stm32f4xx_it.c:110:6:MemManage_Handler	4	static
../Core/Src/stm32f4xx_it.c:125:6:BusFault_Handler	4	static
../Core/Src/stm32f4xx_it.c:140:6:UsageFault_Handler	4	static
../Core/Src/stm32f4xx_it.c:155:6:DebugMon_Handler	4	static
../Core/Src/stm32f4xx_it.c:168:6:SysTick_Handler	8	static
../Core/Src/stm32f4xx_it.c:202:6:EXTI9_5_IRQHandler	8	static
../Core/Src/stm32f4xx_it.c:216:6:EXTI15_10_IRQHandler	8	static
